Component: Arm Compiler for Embedded 6.22 Tool: armlink [5ee90200]

==============================================================================

Section Cross References

    timer.o(.text.TIM3_PinConfig) refers to timer.o(.text.GPIO_SetMode) for GPIO_SetMode
    timer.o(.ARM.exidx.text.TIM3_PinConfig) refers to timer.o(.text.TIM3_PinConfig) for [Anonymous Symbol]
    timer.o(.ARM.exidx.text.GPIO_SetMode) refers to timer.o(.text.GPIO_SetMode) for [Anonymous Symbol]
    timer.o(.text.Timer4_Init) refers to timer.o(.text.__NVIC_EnableIRQ) for __NVIC_EnableIRQ
    timer.o(.text.Timer4_Init) refers to timer.o(.text.__NVIC_SetPriority) for __NVIC_SetPriority
    timer.o(.ARM.exidx.text.Timer4_Init) refers to timer.o(.text.Timer4_Init) for [Anonymous Symbol]
    timer.o(.ARM.exidx.text.__NVIC_EnableIRQ) refers to timer.o(.text.__NVIC_EnableIRQ) for [Anonymous Symbol]
    timer.o(.ARM.exidx.text.__NVIC_SetPriority) refers to timer.o(.text.__NVIC_SetPriority) for [Anonymous Symbol]
    timer.o(.ARM.exidx.text.TIM3_PWM_IC_EM_Init) refers to timer.o(.text.TIM3_PWM_IC_EM_Init) for [Anonymous Symbol]
    timer.o(.text.TIM1_PinConfig) refers to timer.o(.text.GPIO_SetMode) for GPIO_SetMode
    timer.o(.ARM.exidx.text.TIM1_PinConfig) refers to timer.o(.text.TIM1_PinConfig) for [Anonymous Symbol]
    timer.o(.text.TIM1_PWMOC) refers to timer.o(.text.TIM1_PinConfig) for TIM1_PinConfig
    timer.o(.text.TIM1_PWMOC) refers to timer.o(.text.TIM_OC1_PWMM1_Init) for TIM_OC1_PWMM1_Init
    timer.o(.ARM.exidx.text.TIM1_PWMOC) refers to timer.o(.text.TIM1_PWMOC) for [Anonymous Symbol]
    timer.o(.text.TIM_OC1_PWMM1_Init) refers to timer.o(.text.TIM_Init) for TIM_Init
    timer.o(.text.TIM_OC1_PWMM1_Init) refers to timer.o(.text.TIM_ResetCNT) for TIM_ResetCNT
    timer.o(.text.TIM_OC1_PWMM1_Init) refers to fflt_clz.o(x$fpl$ffltu) for __aeabi_ui2f
    timer.o(.text.TIM_OC1_PWMM1_Init) refers to fflt_clz.o(x$fpl$fflt) for __aeabi_i2f
    timer.o(.text.TIM_OC1_PWMM1_Init) refers to fdiv.o(x$fpl$fdiv) for __aeabi_fdiv
    timer.o(.text.TIM_OC1_PWMM1_Init) refers to fmul.o(x$fpl$fmul) for __aeabi_fmul
    timer.o(.text.TIM_OC1_PWMM1_Init) refers to ffix.o(x$fpl$ffix) for __aeabi_f2iz
    timer.o(.ARM.exidx.text.TIM_OC1_PWMM1_Init) refers to timer.o(.text.TIM_OC1_PWMM1_Init) for [Anonymous Symbol]
    timer.o(.text.TIM_Init) refers to rcc.o(.text.RCC_GetAbp2Clk) for RCC_GetAbp2Clk
    timer.o(.text.TIM_Init) refers to ffixu.o(x$fpl$ffixu) for __aeabi_f2uiz
    timer.o(.text.TIM_Init) refers to rcc.o(.text.RCC_GetAbp1Clk) for RCC_GetAbp1Clk
    timer.o(.ARM.exidx.text.TIM_Init) refers to timer.o(.text.TIM_Init) for [Anonymous Symbol]
    timer.o(.ARM.exidx.text.TIM_ResetCNT) refers to timer.o(.text.TIM_ResetCNT) for [Anonymous Symbol]
    timer.o(.ARM.exidx.text.TIM_PWMICMInit) refers to timer.o(.text.TIM_PWMICMInit) for [Anonymous Symbol]
    timer.o(.text.TIM_OC2_PWMM1_Init) refers to timer.o(.text.TIM_Init) for TIM_Init
    timer.o(.text.TIM_OC2_PWMM1_Init) refers to timer.o(.text.TIM_ResetCNT) for TIM_ResetCNT
    timer.o(.ARM.exidx.text.TIM_OC2_PWMM1_Init) refers to timer.o(.text.TIM_OC2_PWMM1_Init) for [Anonymous Symbol]
    rcc.o(.text.RCC_GetSysClk) refers to rcc.o(.rodata.RCC_GetSysClk.PLLMULFactorTable) for RCC_GetSysClk.PLLMULFactorTable
    rcc.o(.ARM.exidx.text.RCC_GetSysClk) refers to rcc.o(.text.RCC_GetSysClk) for [Anonymous Symbol]
    rcc.o(.text.RCC_GetHClk) refers to rcc.o(.text.RCC_GetSysClk) for RCC_GetSysClk
    rcc.o(.text.RCC_GetHClk) refers to rcc.o(.rodata.AHBpreFactorTable) for AHBpreFactorTable
    rcc.o(.text.RCC_GetHClk) refers to fflt_clz.o(x$fpl$ffltu) for __aeabi_ui2f
    rcc.o(.ARM.exidx.text.RCC_GetHClk) refers to rcc.o(.text.RCC_GetHClk) for [Anonymous Symbol]
    rcc.o(.text.RCC_GetAbp1Clk) refers to rcc.o(.text.RCC_GetHClk) for RCC_GetHClk
    rcc.o(.text.RCC_GetAbp1Clk) refers to rcc.o(.rodata.APBpreFactorTable) for APBpreFactorTable
    rcc.o(.text.RCC_GetAbp1Clk) refers to fflt_clz.o(x$fpl$fflt) for __aeabi_i2f
    rcc.o(.text.RCC_GetAbp1Clk) refers to fdiv.o(x$fpl$fdiv) for __aeabi_fdiv
    rcc.o(.ARM.exidx.text.RCC_GetAbp1Clk) refers to rcc.o(.text.RCC_GetAbp1Clk) for [Anonymous Symbol]
    rcc.o(.text.RCC_GetAbp2Clk) refers to rcc.o(.text.RCC_GetHClk) for RCC_GetHClk
    rcc.o(.text.RCC_GetAbp2Clk) refers to rcc.o(.rodata.APBpreFactorTable) for APBpreFactorTable
    rcc.o(.text.RCC_GetAbp2Clk) refers to fflt_clz.o(x$fpl$fflt) for __aeabi_i2f
    rcc.o(.text.RCC_GetAbp2Clk) refers to fdiv.o(x$fpl$fdiv) for __aeabi_fdiv
    rcc.o(.ARM.exidx.text.RCC_GetAbp2Clk) refers to rcc.o(.text.RCC_GetAbp2Clk) for [Anonymous Symbol]
    usart.o(.text.USART_Init) refers to rcc.o(.text.RCC_GetAbp2Clk) for RCC_GetAbp2Clk
    usart.o(.text.USART_Init) refers to ffixu.o(x$fpl$ffixu) for __aeabi_f2uiz
    usart.o(.text.USART_Init) refers to rcc.o(.text.RCC_GetAbp1Clk) for RCC_GetAbp1Clk
    usart.o(.text.USART_Init) refers to dflt_clz.o(x$fpl$dfltu) for __aeabi_ui2d
[...]
    ../clib/angel/boardlib.s                 0x00000000   Number         0  boardinit2.o ABSOLUTE
    ../clib/angel/boardlib.s                 0x00000000   Number         0  boardinit3.o ABSOLUTE
    ../clib/angel/boardlib.s                 0x00000000   Number         0  boardshut.o ABSOLUTE
    ../clib/angel/handlers.s                 0x00000000   Number         0  __scatter_zi.o ABSOLUTE
    ../clib/angel/kernel.s                   0x00000000   Number         0  __rtentry.o ABSOLUTE
    ../clib/angel/kernel.s                   0x00000000   Number         0  __rtentry2.o ABSOLUTE
    ../clib/angel/kernel.s                   0x00000000   Number         0  __rtentry4.o ABSOLUTE
    ../clib/angel/kernel.s                   0x00000000   Number         0  rtexit.o ABSOLUTE
    ../clib/angel/kernel.s                   0x00000000   Number         0  rtexit2.o ABSOLUTE
    ../clib/angel/rt.s                       0x00000000   Number         0  rt_ctype_table.o ABSOLUTE
    ../clib/angel/rt.s                       0x00000000   Number         0  rt_locale.o ABSOLUTE
    ../clib/angel/rt.s                       0x00000000   Number         0  rt_locale_intlibspace.o ABSOLUTE
    ../clib/angel/rt.s                       0x00000000   Number         0  rt_errno_addr.o ABSOLUTE
    ../clib/angel/rt.s                       0x00000000   Number         0  rt_errno_addr_intlibspace.o ABSOLUTE
    ../clib/angel/rt.s                       0x00000000   Number         0  rt_raise.o ABSOLUTE
    ../clib/angel/scatter.s                  0x00000000   Number         0  __scatter.o ABSOLUTE
    ../clib/angel/startup.s                  0x00000000   Number         0  __main.o ABSOLUTE
    ../clib/angel/sys.s                      0x00000000   Number         0  sys_stackheap_outer.o ABSOLUTE
    ../clib/angel/sys.s                      0x00000000   Number         0  libspace.o ABSOLUTE
    ../clib/angel/sys.s                      0x00000000   Number         0  use_no_semi.o ABSOLUTE
    ../clib/angel/sys.s                      0x00000000   Number         0  indicate_semi.o ABSOLUTE
    ../clib/angel/sysapp.c                   0x00000000   Number         0  sys_exit.o ABSOLUTE
    ../clib/angel/sysapp.c                   0x00000000   Number         0  sys_exit_hlt.o ABSOLUTE
    ../clib/angel/sysapp.c                   0x00000000   Number         0  sys_command.o ABSOLUTE
    ../clib/angel/sysapp.c                   0x00000000   Number         0  sys_command_hlt.o ABSOLUTE
    ../clib/angel/sysapp.c                   0x00000000   Number         0  sys_wrch.o ABSOLUTE
    ../clib/angel/sysapp.c                   0x00000000   Number         0  sys_wrch_hlt.o ABSOLUTE
    ../clib/armsys.c                         0x00000000   Number         0  argv_veneer.o ABSOLUTE
    ../clib/armsys.c                         0x00000000   Number         0  argv_veneer.o ABSOLUTE
    ../clib/armsys.c                         0x00000000   Number         0  _get_argv_nomalloc.o ABSOLUTE
    ../clib/armsys.c                         0x00000000   Number         0  no_argv.o ABSOLUTE
    ../clib/bigflt.c                         0x00000000   Number         0  bigflt0.o ABSOLUTE
    ../clib/btod.s                           0x00000000   Number         0  btod.o ABSOLUTE
    ../clib/btod_accurate.c                  0x00000000   Number         0  dtob_accurate.o ABSOLUTE
    ../clib/btod_accurate.c                  0x00000000   Number         0  btod_accurate_common.o ABSOLUTE
    ../clib/ctype.c                          0x00000000   Number         0  isspace.o ABSOLUTE
    ../clib/fenv.c                           0x00000000   Number         0  _rserrno.o ABSOLUTE
    ../clib/heapalloc.c                      0x00000000   Number         0  hrguard.o ABSOLUTE
    ../clib/heapaux.c                        0x00000000   Number         0  heapauxi.o ABSOLUTE
    ../clib/libinit.s                        0x00000000   Number         0  libinit.o ABSOLUTE
    ../clib/libinit.s                        0x00000000   Number         0  libinit2.o ABSOLUTE
    ../clib/libinit.s                        0x00000000   Number         0  libshutdown.o ABSOLUTE
    ../clib/libinit.s                        0x00000000   Number         0  libshutdown2.o ABSOLUTE
    ../clib/locale.c                         0x00000000   Number         0  _mbrtoc16.o ABSOLUTE
    ../clib/locale.c                         0x00000000   Number         0  _c16rtomb.o ABSOLUTE
    ../clib/locale.s                         0x00000000   Number         0  lc_numeric_c.o ABSOLUTE
    ../clib/locale.s                         0x00000000   Number         0  lc_ctype_c.o ABSOLUTE
    ../clib/longlong.s                       0x00000000   Number         0  llshl.o ABSOLUTE
    ../clib/longlong.s                       0x00000000   Number         0  llushr.o ABSOLUTE
    ../clib/memcpset.s                       0x00000000   Number         0  strcmpv7m.o ABSOLUTE
    ../clib/printf.c                         0x00000000   Number         0  __printf_wp.o ABSOLUTE
    ../clib/printf.c                         0x00000000   Number         0  __printf.o ABSOLUTE
    ../clib/printf.c                         0x00000000   Number         0  __printf_flags.o ABSOLUTE
    ../clib/printf.c                         0x00000000   Number         0  __printf_ss.o ABSOLUTE
    ../clib/printf.c                         0x00000000   Number         0  __printf_flags_ss.o ABSOLUTE
    ../clib/printf.c                         0x00000000   Number         0  __printf_flags_wp.o ABSOLUTE
    ../clib/printf.c                         0x00000000   Number         0  __printf_ss_wp.o ABSOLUTE
    ../clib/printf.c                         0x00000000   Number         0  __printf_flags_ss_wp.o ABSOLUTE
    ../clib/printf_percent.s                 0x00000000   Number         0  _printf_percent.o ABSOLUTE
    ../clib/printf_percent.s                 0x00000000   Number         0  _printf_percent_end.o ABSOLUTE
    ../clib/scanf.c                          0x00000000   Number         0  sscanf.o ABSOLUTE
    ../clib/scanf.c                          0x00000000   Number         0  _scanf_longlong.o ABSOLUTE
    ../clib/scanf.c                          0x00000000   Number         0  _scanf_int.o ABSOLUTE
    ../clib/scanf.c                          0x00000000   Number         0  _scanf_str.o ABSOLUTE
    ../clib/scanf.c                          0x00000000   Number         0  scanf_char.o ABSOLUTE
    ../clib/scanf.c                          0x00000000   Number         0  _sgetc.o ABSOLUTE
    ../clib/scanf.c                          0x00000000   Number         0  _scanf_mbtowc.o ABSOLUTE
    ../clib/scanf.c                          0x00000000   Number         0  _scanf_wctomb.o ABSOLUTE
    ../clib/scanf.c                          0x00000000   Number         0  _scanf_wstr.o ABSOLUTE
    ../clib/scanf.c                          0x00000000   Number         0  _chval.o ABSOLUTE
    ../clib/scanf.c                          0x00000000   Number         0  _scanf.o ABSOLUTE
    ../clib/scanf.c                          0x00000000   Number         0  scanf_fp.o ABSOLUTE
    ../clib/scanf.c                          0x00000000   Number         0  scanf_fp_accurate.o ABSOLUTE
    ../clib/scanf.c                          0x00000000   Number         0  _scanf_wcharmap.o ABSOLUTE
    ../clib/scanf.c                          0x00000000   Number         0  scanf_hexfp.o ABSOLUTE
    ../clib/scanf.c                          0x00000000   Number         0  scanf_infnan.o ABSOLUTE
    ../clib/signal.c                         0x00000000   Number         0  defsig_rtmem_outer.o ABSOLUTE
    ../clib/signal.c                         0x00000000   Number         0  defsig_rtmem_formal.o ABSOLUTE
    ../clib/signal.c                         0x00000000   Number         0  defsig_exit.o ABSOLUTE
    ../clib/signal.c                         0x00000000   Number         0  defsig_rtmem_inner.o ABSOLUTE
    ../clib/signal.c                         0x00000000   Number         0  __raise.o ABSOLUTE
    ../clib/signal.c                         0x00000000   Number         0  defsig_general.o ABSOLUTE
    ../clib/signal.c                         0x00000000   Number         0  defsig_abrt_inner.o ABSOLUTE
    ../clib/signal.c                         0x00000000   Number         0  defsig_fpe_inner.o ABSOLUTE
    ../clib/signal.c                         0x00000000   Number         0  defsig_rtred_inner.o ABSOLUTE
    ../clib/signal.c                         0x00000000   Number         0  defsig_stak_inner.o ABSOLUTE
    ../clib/signal.c                         0x00000000   Number         0  defsig_pvfn_inner.o ABSOLUTE
    ../clib/signal.c                         0x00000000   Number         0  defsig_cppl_inner.o ABSOLUTE
    ../clib/signal.c                         0x00000000   Number         0  defsig_segv_inner.o ABSOLUTE
    ../clib/signal.c                         0x00000000   Number         0  defsig_other.o ABSOLUTE
    ../clib/signal.s                         0x00000000   Number         0  defsig.o ABSOLUTE
    ../clib/stdlib.c                         0x00000000   Number         0  exit.o ABSOLUTE
    ../clib/string.c                         0x00000000   Number         0  strlen.o ABSOLUTE
    ../fplib/d2f.s                           0x00000000   Number         0  d2f.o ABSOLUTE
    ../fplib/daddsub.s                       0x00000000   Number         0  daddsub_clz.o ABSOLUTE
    ../fplib/dcheck1.s                       0x00000000   Number         0  dcheck1.o ABSOLUTE
    ../fplib/dcmpi.s                         0x00000000   Number         0  dcmpi.o ABSOLUTE
    ../fplib/ddiv.s                          0x00000000   Number         0  ddiv.o ABSOLUTE
    ../fplib/deqf.s                          0x00000000   Number         0  deqf.o ABSOLUTE
    ../fplib/dfixu.s                         0x00000000   Number         0  dfixu.o ABSOLUTE
    ../fplib/dflt.s                          0x00000000   Number         0  dflt_clz.o ABSOLUTE
    ../fplib/dleqf.s                         0x00000000   Number         0  dleqf.o ABSOLUTE
    ../fplib/dmul.s                          0x00000000   Number         0  dmul.o ABSOLUTE
    ../fplib/dnaninf.s                       0x00000000   Number         0  dnaninf.o ABSOLUTE
    ../fplib/dretinf.s                       0x00000000   Number         0  dretinf.o ABSOLUTE
    ../fplib/drleqf.s                        0x00000000   Number         0  drleqf.o ABSOLUTE
    ../fplib/faddsub.s                       0x00000000   Number         0  faddsub_clz.o ABSOLUTE
    ../fplib/fcmp.s                          0x00000000   Number         0  fcmp.o ABSOLUTE
    ../fplib/fcmpi.s                         0x00000000   Number         0  fcmpi.o ABSOLUTE
    ../fplib/fdiv.s                          0x00000000   Number         0  fdiv.o ABSOLUTE
    ../fplib/feqf.s                          0x00000000   Number         0  feqf.o ABSOLUTE
    ../fplib/ffix.s                          0x00000000   Number         0  ffix.o ABSOLUTE
    ../fplib/ffixu.s                         0x00000000   Number         0  ffixu.o ABSOLUTE
    ../fplib/fflt.s                          0x00000000   Number         0  fflt_clz.o ABSOLUTE
    ../fplib/fgeqf.s                         0x00000000   Number         0  fgeqf.o ABSOLUTE
    ../fplib/fleqf.s                         0x00000000   Number         0  fleqf.o ABSOLUTE
    ../fplib/fmul.s                          0x00000000   Number         0  fmul.o ABSOLUTE
    ../fplib/fnaninf.s                       0x00000000   Number         0  fnaninf.o ABSOLUTE
    ../fplib/fpconst.s                       0x00000000   Number         0  fpconst.o ABSOLUTE
    ../fplib/fpinit.s                        0x00000000   Number         0  fpinit.o ABSOLUTE
    ../fplib/fpinit_empty.s                  0x00000000   Number         0  fpinit_empty.o ABSOLUTE
    ../fplib/fretinf.s                       0x00000000   Number         0  fretinf.o ABSOLUTE
    ../fplib/istatus.s                       0x00000000   Number         0  istatus.o ABSOLUTE
    ../fplib/retnan.s                        0x00000000   Number         0  retnan.o ABSOLUTE
    ../fplib/scalbn.s                        0x00000000   Number         0  scalbn.o ABSOLUTE
    ../fplib/scanf1.s                        0x00000000   Number         0  scanf1.o ABSOLUTE
    ../fplib/scanf2.s                        0x00000000   Number         0  scanf2.o ABSOLUTE
    ../fplib/scanf2a.s                       0x00000000   Number         0  scanf2a.o ABSOLUTE
    ../fplib/scanf2b.s                       0x00000000   Number         0  scanf2b.o ABSOLUTE
    ../fplib/trapv.s                         0x00000000   Number         0  trapv.o ABSOLUTE
    ../fplib/usenofp.s                       0x00000000   Number         0  usenofp.o ABSOLUTE
    ../mathlib/dunder.c                      0x00000000   Number         0  dunder.o ABSOLUTE
    ../mathlib/frexp.c                       0x00000000   Number         0  frexp.o ABSOLUTE
    ../mathlib/ldexp.c                       0x00000000   Number         0  ldexp.o ABSOLUTE
    ../mathlib/narrow.c                      0x00000000   Number         0  narrow.o ABSOLUTE
    RCC.c                                    0x00000000   Number         0  rcc.o ABSOLUTE
    RTE/Device/STM32F103C8/startup_stm32f10x_md.s 0x00000000   Number         0  startup_stm32f10x_md.o ABSOLUTE
    Timer.c                                  0x00000000   Number         0  timer.o ABSOLUTE
    USART.c                                  0x00000000   Number         0  usart.o ABSOLUTE
    dc.s                                     0x00000000   Number         0  dc.o ABSOLUTE
    encoder_task.c                           0x00000000   Number         0  encoder_task.o ABSOLUTE
    main.c                                   0x00000000   Number         0  main.o ABSOLUTE
    motor_task.c                             0x00000000   Number         0  motor_task.o ABSOLUTE
    system_stm32f10x.c                       0x00000000   Number         0  system_stm32f10x.o ABSOLUTE
    uart_task.c                              0x00000000   Number         0  uart_task.o ABSOLUTE
    RESET                                    0x08000000   Section      236  startup_stm32f10x_md.o(RESET)
    !!!main                                  0x080000ec   Section        8  __main.o(!!!main)
    !!!scatter                               0x080000f4   Section       92  __scatter.o(!!!scatter)
    !!handler_null                           0x08000150   Section        2  __scatter.o(!!handler_null)
    !!handler_zi                             0x08000154   Section       28  __scatter_zi.o(!!handler_zi)
    .ARM.Collect$$libinit$$00000000          0x08000170   Section        2  libinit.o(.ARM.Collect$$libinit$$00000000)
    .ARM.Collect$$libinit$$00000002          0x08000172   Section        0  libinit2.o(.ARM.Collect$$libinit$$00000002)
    .ARM.Collect$$libinit$$00000004          0x08000172   Section        0  libinit2.o(.ARM.Collect$$libinit$$00000004)
    .ARM.Collect$$libinit$$00000006          0x08000172   Section        0  libinit2.o(.ARM.Collect$$libinit$$00000006)
    .ARM.Collect$$libinit$$0000000C          0x08000172   Section        0  libinit2.o(.ARM.Collect$$libinit$$0000000C)
    .ARM.Collect$$libinit$$0000000E          0x08000172   Section        0  libinit2.o(.ARM.Collect$$libinit$$0000000E)
    .ARM.Collect$$libinit$$00000010          0x08000172   Section        0  libinit2.o(.ARM.Collect$$libinit$$00000010)
    .ARM.Collect$$libinit$$00000011          0x08000172   Section        6  libinit2.o(.ARM.Collect$$libinit$$00000011)
    .ARM.Collect$$libinit$$00000013          0x08000178   Section        0  libinit2.o(.ARM.Collect$$libinit$$00000013)
    .ARM.Collect$$libinit$$00000014          0x08000178   Section       12  libinit2.o(.ARM.Collect$$libinit$$00000014)
    .ARM.Collect$$libinit$$00000015          0x08000184   Section        0  libinit2.o(.ARM.Collect$$libinit$$00000015)
    .ARM.Collect$$libinit$$00000017          0x08000184   Section        0  libinit2.o(.ARM.Collect$$libinit$$00000017)
    .ARM.Collect$$libinit$$00000018          0x08000184   Section       10  libinit2.o(.ARM.Collect$$libinit$$00000018)
    .ARM.Collect$$libinit$$00000019          0x0800018e   Section        0  libinit2.o(.ARM.Collect$$libinit$$00000019)
    .ARM.Collect$$libinit$$0000001B          0x0800018e   Section        0  libinit2.o(.ARM.Collect$$libinit$$0000001B)
    .ARM.Collect$$libinit$$0000001D          0x0800018e   Section        0  libinit2.o(.ARM.Collect$$libinit$$0000001D)
    .ARM.Collect$$libinit$$0000001F          0x0800018e   Section        0  libinit2.o(.ARM.Collect$$libinit$$0000001F)
    .ARM.Collect$$libinit$$00000021          0x0800018e   Section        0  libinit2.o(.ARM.Collect$$libinit$$00000021)
    .ARM.Collect$$libinit$$00000023          0x0800018e   Section        0  libinit2.o(.ARM.Collect$$libinit$$00000023)
    .ARM.Collect$$libinit$$00000025          0x0800018e   Section        0  libinit2.o(.ARM.Collect$$libinit$$00000025)
    .ARM.Collect$$libinit$$00000027          0x0800018e   Section        0  libinit2.o(.ARM.Collect$$libinit$$00000027)
    .ARM.Collect$$libinit$$0000002E          0x0800018e   Section        0  libinit2.o(.ARM.Collect$$libinit$$0000002E)
    .ARM.Collect$$libinit$$00000030          0x0800018e   Section        0  libinit2.o(.ARM.Collect$$libinit$$00000030)
    .ARM.Collect$$libinit$$00000032          0x0800018e   Section        0  libinit2.o(.ARM.Collect$$libinit$$00000032)
    .ARM.Collect$$libinit$$00000034          0x0800018e   Section        0  libinit2.o(.ARM.Collect$$libinit$$00000034)
    .ARM.Collect$$libinit$$00000035          0x0800018e   Section        2  libinit2.o(.ARM.Collect$$libinit$$00000035)
    .ARM.Collect$$libshutdown$$00000000      0x08000190   Section        2  libshutdown.o(.ARM.Collect$$libshutdown$$00000000)
    .ARM.Collect$$libshutdown$$00000002      0x08000192   Section        0  libshutdown2.o(.ARM.Collect$$libshutdown$$00000002)
    .ARM.Collect$$libshutdown$$00000004      0x08000192   Section        0  libshutdown2.o(.ARM.Collect$$libshutdown$$00000004)
    .ARM.Collect$$libshutdown$$00000007      0x08000192   Section        0  libshutdown2.o(.ARM.Collect$$libshutdown$$00000007)
    .ARM.Collect$$libshutdown$$0000000A      0x08000192   Section        0  libshutdown2.o(.ARM.Collect$$libshutdown$$0000000A)
    .ARM.Collect$$libshutdown$$0000000C      0x08000192   Section        0  libshutdown2.o(.ARM.Collect$$libshutdown$$0000000C)
    .ARM.Collect$$libshutdown$$0000000F      0x08000192   Section        0  libshutdown2.o(.ARM.Collect$$libshutdown$$0000000F)
    .ARM.Collect$$libshutdown$$00000010      0x08000192   Section        2  libshutdown2.o(.ARM.Collect$$libshutdown$$00000010)
    .ARM.Collect$$rtentry$$00000000          0x08000194   Section        0  __rtentry.o(.ARM.Collect$$rtentry$$00000000)
    .ARM.Collect$$rtentry$$00000002          0x08000194   Section        0  __rtentry2.o(.ARM.Collect$$rtentry$$00000002)
    .ARM.Collect$$rtentry$$00000004          0x08000194   Section        6  __rtentry4.o(.ARM.Collect$$rtentry$$00000004)
    .ARM.Collect$$rtentry$$00000009          0x0800019a   Section        0  __rtentry2.o(.ARM.Collect$$rtentry$$00000009)
    .ARM.Collect$$rtentry$$0000000A          0x0800019a   Section        4  __rtentry2.o(.ARM.Collect$$rtentry$$0000000A)
    .ARM.Collect$$rtentry$$0000000C          0x0800019e   Section        0  __rtentry2.o(.ARM.Collect$$rtentry$$0000000C)
    .ARM.Collect$$rtentry$$0000000D          0x0800019e   Section        8  __rtentry2.o(.ARM.Collect$$rtentry$$0000000D)
    .ARM.Collect$$rtexit$$00000000           0x080001a6   Section        2  rtexit.o(.ARM.Collect$$rtexit$$00000000)
    .ARM.Collect$$rtexit$$00000002           0x080001a8   Section        0  rtexit2.o(.ARM.Collect$$rtexit$$00000002)
    .ARM.Collect$$rtexit$$00000003           0x080001a8   Section        4  rtexit2.o(.ARM.Collect$$rtexit$$00000003)
    .ARM.Collect$$rtexit$$00000004           0x080001ac   Section        6  rtexit2.o(.ARM.Collect$$rtexit$$00000004)
    .text                                    0x080001b4   Section       64  startup_stm32f10x_md.o(.text)
    .text                                    0x080001f4   Section        0  sscanf.o(.text)
    .text                                    0x08000230   Section        0  heapauxi.o(.text)
    .text                                    0x08000236   Section        0  _scanf_longlong.o(.text)
    .text                                    0x0800038c   Section        0  _scanf_int.o(.text)
    .text                                    0x080004d8   Section        0  _scanf_str.o(.text)
    _scanf_char_input                        0x080005b9   Thumb Code    12  scanf_char.o(.text)
    .text                                    0x080005b8   Section        0  scanf_char.o(.text)
    .text                                    0x080005e4   Section        0  _sgetc.o(.text)
    .text                                    0x08000624   Section        0  _scanf_mbtowc.o(.text)
    .text                                    0x08000738   Section        0  _scanf_wctomb.o(.text)
    .text                                    0x08000820   Section        0  _scanf_wstr.o(.text)
    .text                                    0x080008f0   Section        0  isspace.o(.text)
    .text                                    0x08000902   Section        0  _chval.o(.text)
    .text                                    0x08000920   Section        0  _scanf.o(.text)
    _fp_value                                0x08000c95   Thumb Code   588  scanf_fp.o(.text)
    .text                                    0x08000c94   Section        0  scanf_fp.o(.text)
    .text                                    0x0800118c   Section        0  _scanf_wcharmap.o(.text)
    .text                                    0x080011aa   Section        0  _mbrtoc16.o(.text)
    .text                                    0x080011ea   Section        0  _c16rtomb.o(.text)
    .text                                    0x08001232   Section       74  sys_stackheap_outer.o(.text)
    .text                                    0x0800127c   Section       16  rt_ctype_table.o(.text)
    .text                                    0x0800128c   Section        8  rt_locale_intlibspace.o(.text)
    .text                                    0x08001294   Section        8  rt_errno_addr_intlibspace.o(.text)
    .text                                    0x0800129c   Section       38  llshl.o(.text)
    .text                                    0x080012c4   Section        0  bigflt0.o(.text)
    .text                                    0x080013a8   Section        0  exit.o(.text)
    .text                                    0x080013bc   Section        8  libspace.o(.text)
    .text                                    0x080013c4   Section        0  _rserrno.o(.text)
    .text                                    0x080013dc   Section        0  scanf_hexfp.o(.text)
    .text                                    0x080016fc   Section        0  scanf_infnan.o(.text)
    .text                                    0x08001830   Section      128  strcmpv7m.o(.text)
    .text                                    0x080018b0   Section        0  sys_exit.o(.text)
    .text                                    0x080018bc   Section        2  use_no_semi.o(.text)
    .text                                    0x080018be   Section        0  indicate_semi.o(.text)
    [Anonymous Symbol]                       0x080018c0   Section        0  encoder_task.o(.text.Encoder_GetCount)
    [Anonymous Symbol]                       0x080018cc   Section        0  encoder_task.o(.text.Encoder_Init)
    GPIO_SetMode                             0x080018d9   Thumb Code   134  timer.o(.text.GPIO_SetMode)
    [Anonymous Symbol]                       0x080018d8   Section        0  timer.o(.text.GPIO_SetMode)
    GPIO_SetMode                             0x08001961   Thumb Code   134  main.o(.text.GPIO_SetMode)
    [Anonymous Symbol]                       0x08001960   Section        0  main.o(.text.GPIO_SetMode)
    [Anonymous Symbol]                       0x080019e8   Section        0  rcc.o(.text.RCC_GetAbp1Clk)
    [Anonymous Symbol]                       0x08001a1c   Section        0  rcc.o(.text.RCC_GetAbp2Clk)
    [Anonymous Symbol]                       0x08001a50   Section        0  rcc.o(.text.RCC_GetHClk)
    [Anonymous Symbol]                       0x08001a7c   Section        0  rcc.o(.text.RCC_GetSysClk)
    SetSysClock                              0x08001b71   Thumb Code     8  system_stm32f10x.o(.text.SetSysClock)
    [Anonymous Symbol]                       0x08001b70   Section        0  system_stm32f10x.o(.text.SetSysClock)
    SetSysClockTo72                          0x08001b79   Thumb Code   290  system_stm32f10x.o(.text.SetSysClockTo72)
    [Anonymous Symbol]                       0x08001b78   Section        0  system_stm32f10x.o(.text.SetSysClockTo72)
    [Anonymous Symbol]                       0x08001c9c   Section        0  system_stm32f10x.o(.text.SystemInit)
    [Anonymous Symbol]                       0x08001d04   Section        0  timer.o(.text.TIM1_PWMOC)
    [Anonymous Symbol]                       0x08001d24   Section        0  timer.o(.text.TIM1_PinConfig)
    [Anonymous Symbol]                       0x08001d48   Section        0  timer.o(.text.TIM3_PWM_IC_EM_Init)
    [Anonymous Symbol]                       0x08001da4   Section        0  timer.o(.text.TIM3_PinConfig)
    [Anonymous Symbol]                       0x08001dd4   Section        0  encoder_task.o(.text.TIM4_IRQHandler)
    [Anonymous Symbol]                       0x08001e78   Section        0  timer.o(.text.TIM_Init)
    [Anonymous Symbol]                       0x08001f68   Section        0  timer.o(.text.TIM_OC1_PWMM1_Init)
    [Anonymous Symbol]                       0x08002008   Section        0  timer.o(.text.TIM_ResetCNT)
    [Anonymous Symbol]                       0x08002020   Section        0  timer.o(.text.Timer4_Init)
    [Anonymous Symbol]                       0x08002084   Section        0  main.o(.text.USART1_IRQHandler)
    [Anonymous Symbol]                       0x080020e8   Section        0  usart.o(.text.USART_Init)
    [Anonymous Symbol]                       0x080021fc   Section        0  usart.o(.text.USART_receive)
    [Anonymous Symbol]                       0x0800221c   Section        0  usart.o(.text.USART_receiveString)
    __NVIC_EnableIRQ                         0x08002289   Thumb Code    48  timer.o(.text.__NVIC_EnableIRQ)
    [Anonymous Symbol]                       0x08002288   Section        0  timer.o(.text.__NVIC_EnableIRQ)
    __NVIC_SetPriority                       0x080022b9   Thumb Code    66  timer.o(.text.__NVIC_SetPriority)
    [Anonymous Symbol]                       0x080022b8   Section        0  timer.o(.text.__NVIC_SetPriority)
    [Anonymous Symbol]                       0x080022fc   Section        0  encoder_task.o(.text.getSpeed)
    [Anonymous Symbol]                       0x08002378   Section        0  main.o(.text.main)
    CL$$btod_div_common                      0x080023f4   Section      824  btod.o(CL$$btod_div_common)
    CL$$btod_e2d                             0x0800272c   Section      132  btod.o(CL$$btod_e2d)
    CL$$btod_e2e                             0x080027b0   Section      220  btod.o(CL$$btod_e2e)
    CL$$btod_ediv                            0x0800288c   Section       42  btod.o(CL$$btod_ediv)
    CL$$btod_edivd                           0x080028b6   Section       42  btod.o(CL$$btod_edivd)
    CL$$btod_emul                            0x080028e0   Section       42  btod.o(CL$$btod_emul)
    CL$$btod_emuld                           0x0800290a   Section       42  btod.o(CL$$btod_emuld)
    CL$$btod_mult_common                     0x08002934   Section      580  btod.o(CL$$btod_mult_common)
    i.__mathlib_dbl_overflow                 0x08002b78   Section        0  dunder.o(i.__mathlib_dbl_overflow)
    i.__mathlib_dbl_underflow                0x08002b88   Section        0  dunder.o(i.__mathlib_dbl_underflow)
    i.__mathlib_narrow                       0x08002b98   Section        0  narrow.o(i.__mathlib_narrow)
    i.__mathlib_tofloat                      0x08002ba8   Section        0  narrow.o(i.__mathlib_tofloat)
    i.__support_ldexp                        0x08002c64   Section        0  ldexp.o(i.__support_ldexp)
    i._is_digit                              0x08002c7a   Section        0  scanf_fp.o(i._is_digit)
    i.frexp                                  0x08002c88   Section        0  frexp.o(i.frexp)
    i.ldexp                                  0x08002ce0   Section        0  ldexp.o(i.ldexp)
    locale$$code                             0x08002d54   Section       44  lc_numeric_c.o(locale$$code)
    locale$$code                             0x08002d80   Section       44  lc_ctype_c.o(locale$$code)
    x$fpl$d2f                                0x08002dac   Section       98  d2f.o(x$fpl$d2f)
    x$fpl$dadd                               0x08002e10   Section      336  daddsub_clz.o(x$fpl$dadd)
    _dadd1                                   0x08002e21   Thumb Code     0  daddsub_clz.o(x$fpl$dadd)
    x$fpl$dcheck1                            0x08002f60   Section       16  dcheck1.o(x$fpl$dcheck1)
    x$fpl$dcmpinf                            0x08002f70   Section       24  dcmpi.o(x$fpl$dcmpinf)
    x$fpl$ddiv                               0x08002f88   Section      696  ddiv.o(x$fpl$ddiv)
    ddiv_entry                               0x08002f8f   Thumb Code     0  ddiv.o(x$fpl$ddiv)
    x$fpl$deqf                               0x08003240   Section      120  deqf.o(x$fpl$deqf)
    x$fpl$dfixu                              0x080032b8   Section       90  dfixu.o(x$fpl$dfixu)
    x$fpl$dfltu                              0x08003312   Section       38  dflt_clz.o(x$fpl$dfltu)
    x$fpl$dleqf                              0x08003338   Section      120  dleqf.o(x$fpl$dleqf)
    x$fpl$dmul                               0x080033b0   Section      340  dmul.o(x$fpl$dmul)
    x$fpl$dnaninf                            0x08003504   Section      156  dnaninf.o(x$fpl$dnaninf)
    x$fpl$dretinf                            0x080035a0   Section       12  dretinf.o(x$fpl$dretinf)
    x$fpl$drleqf                             0x080035ac   Section      108  drleqf.o(x$fpl$drleqf)
    x$fpl$dsub                               0x08003618   Section      476  daddsub_clz.o(x$fpl$dsub)
    _dsub1                                   0x08003629   Thumb Code     0  daddsub_clz.o(x$fpl$dsub)
    _fdiv1                                   0x080037f5   Thumb Code     0  fdiv.o(x$fpl$fdiv)
    x$fpl$fdiv                               0x080037f4   Section      388  fdiv.o(x$fpl$fdiv)
    x$fpl$ffix                               0x08003978   Section       54  ffix.o(x$fpl$ffix)
    x$fpl$ffixu                              0x080039b0   Section       62  ffixu.o(x$fpl$ffixu)
    x$fpl$fflt                               0x080039f0   Section       48  fflt_clz.o(x$fpl$fflt)
    x$fpl$ffltu                              0x08003a20   Section       38  fflt_clz.o(x$fpl$ffltu)
    x$fpl$fmul                               0x08003a48   Section      258  fmul.o(x$fpl$fmul)
    x$fpl$fnaninf                            0x08003b4a   Section      140  fnaninf.o(x$fpl$fnaninf)
    x$fpl$fretinf                            0x08003bd6   Section       10  fretinf.o(x$fpl$fretinf)
    x$fpl$ieeestatus                         0x08003be0   Section        6  istatus.o(x$fpl$ieeestatus)
    x$fpl$retnan                             0x08003be6   Section      100  retnan.o(x$fpl$retnan)
    x$fpl$scalbn                             0x08003c4a   Section       92  scalbn.o(x$fpl$scalbn)
    x$fpl$scanf1                             0x08003ca6   Section        4  scanf1.o(x$fpl$scanf1)
    x$fpl$scanf2                             0x08003caa   Section        8  scanf2.o(x$fpl$scanf2)
    x$fpl$trapveneer                         0x08003cb2   Section       48  trapv.o(x$fpl$trapveneer)
    x$fpl$usenofp                            0x08003ce2   Section        0  usenofp.o(x$fpl$usenofp)
    tenpwrs_x                                0x08003ce4   Data          60  bigflt0.o(.constdata)
    .constdata                               0x08003ce4   Section      148  bigflt0.o(.constdata)
    tenpwrs_i                                0x08003d20   Data          64  bigflt0.o(.constdata)
    AHBpreFactorTable                        0x08003d78   Data          32  rcc.o(.rodata.AHBpreFactorTable)
    [Anonymous Symbol]                       0x08003d78   Section        0  rcc.o(.rodata.AHBpreFactorTable)
    APBpreFactorTable                        0x08003d98   Data           8  rcc.o(.rodata.APBpreFactorTable)
    [Anonymous Symbol]                       0x08003d98   Section        0  rcc.o(.rodata.APBpreFactorTable)
    RCC_GetSysClk.PLLMULFactorTable          0x08003da0   Data          16  rcc.o(.rodata.RCC_GetSysClk.PLLMULFactorTable)
    [Anonymous Symbol]                       0x08003da0   Section        0  rcc.o(.rodata.RCC_GetSysClk.PLLMULFactorTable)
    .L.str                                   0x08003db0   Data          26  main.o(.rodata.str1.1)
    [Anonymous Symbol]                       0x08003db0   Section        0  main.o(.rodata.str1.1)
    c$$dinf                                  0x08003ddc   Section        8  fpconst.o(c$$dinf)
    c$$dmax                                  0x08003de4   Section        8  fpconst.o(c$$dmax)
    locale$$data                             0x08003dec   Section       28  lc_numeric_c.o(locale$$data)
    __lcnum_c_name                           0x08003df0   Data           2  lc_numeric_c.o(locale$$data)
    __lcnum_c_start                          0x08003df8   Data           0  lc_numeric_c.o(locale$$data)
    __lcnum_c_point                          0x08003e04   Data           0  lc_numeric_c.o(locale$$data)
    __lcnum_c_thousands                      0x08003e06   Data           0  lc_numeric_c.o(locale$$data)
    __lcnum_c_grouping                       0x08003e07   Data           0  lc_numeric_c.o(locale$$data)
    __lcnum_c_end                            0x08003e08   Data           0  lc_numeric_c.o(locale$$data)
    locale$$data                             0x08003e08   Section      272  lc_ctype_c.o(locale$$data)
    __lcctype_c_name                         0x08003e0c   Data           2  lc_ctype_c.o(locale$$data)
    __lcctype_c_start                        0x08003e14   Data           0  lc_ctype_c.o(locale$$data)
    __lcctype_c_end                          0x08003f18   Data           0  lc_ctype_c.o(locale$$data)
    .bss                                     0x20000000   Section       96  libspace.o(.bss)
    Heap_Mem                                 0x20000090   Data         512  startup_stm32f10x_md.o(HEAP)
    HEAP                                     0x20000090   Section      512  startup_stm32f10x_md.o(HEAP)
    Stack_Mem                                0x20000290   Data        1024  startup_stm32f10x_md.o(STACK)
    STACK                                    0x20000290   Section     1024  startup_stm32f10x_md.o(STACK)
    __initial_sp                             0x20000690   Data           0  startup_stm32f10x_md.o(STACK)

    Global Symbols

    Symbol Name                              Value     Ov Type        Size  Object(Section)

    BuildAttributes$$THM_ISAv4$P$D$K$B$S$PE$A:L22UL41UL21$X:L11$S22US41US21$IEEE1$IW$~IW$USESV6$~STKCKD$USESV7$~SHL$OTIME$ROPI$IEEEX$EBA8$UX$STANDARDLIB$REQ8$PRES8$EABIv2 0x00000000   Number         0  anon$$obj.o ABSOLUTE
    __fp_init_empty                          0x00000000   Number         0  fpinit_empty.o ABSOLUTE
    __ARM_exceptions_init                     - Undefined Weak Reference
    __alloca_initialize                       - Undefined Weak Reference
    __arm_preinit_                            - Undefined Weak Reference
    __arm_relocate_pie_                       - Undefined Weak Reference
    __cpp_initialize__aeabi_                  - Undefined Weak Reference
    __cxa_finalize                            - Undefined Weak Reference
    __sigvec_lookup                           - Undefined Weak Reference
    _atexit_init                              - Undefined Weak Reference
    _call_atexit_fns                          - Undefined Weak Reference
    _clock_init                               - Undefined Weak Reference
    _fp_trap_init                             - Undefined Weak Reference
    _fp_trap_shutdown                         - Undefined Weak Reference
    _get_lc_collate                           - Undefined Weak Reference
    _get_lc_monetary                          - Undefined Weak Reference
    _get_lc_time                              - Undefined Weak Reference
    _getenv_init                              - Undefined Weak Reference
    _handle_redirection                       - Undefined Weak Reference
    _init_alloc                               - Undefined Weak Reference
    _init_user_alloc                          - Undefined Weak Reference
    _initio                                   - Undefined Weak Reference
    _rand_init                                - Undefined Weak Reference
    _signal_finish                            - Undefined Weak Reference
    _signal_init                              - Undefined Weak Reference
    _terminate_alloc                          - Undefined Weak Reference
    _terminate_user_alloc                     - Undefined Weak Reference
    _terminateio                              - Undefined Weak Reference
    __Vectors_Size                           0x000000ec   Number         0  startup_stm32f10x_md.o ABSOLUTE
    __Vectors                                0x08000000   Data           4  startup_stm32f10x_md.o(RESET)
    __Vectors_End                            0x080000ec   Data           0  startup_stm32f10x_md.o(RESET)
    __main                                   0x080000ed   Thumb Code     8  __main.o(!!!main)
    __scatterload                            0x080000f5   Thumb Code     0  __scatter.o(!!!scatter)
    __scatterload_rt2                        0x080000f5   Thumb Code    84  __scatter.o(!!!scatter)
    __scatterload_rt2_thumb_only             0x080000f5   Thumb Code     0  __scatter.o(!!!scatter)
    __scatterload_loop                       0x080000ff   Thumb Code     0  __scatter.o(!!!scatter)
    __scatterload_null                       0x08000151   Thumb Code     2  __scatter.o(!!handler_null)
    __scatterload_zeroinit                   0x08000155   Thumb Code    28  __scatter_zi.o(!!handler_zi)
    __rt_lib_init                            0x08000171   Thumb Code     0  libinit.o(.ARM.Collect$$libinit$$00000000)
    __rt_lib_init_fp_1                       0x08000173   Thumb Code     0  libinit2.o(.ARM.Collect$$libinit$$00000002)
    __rt_lib_init_heap_1                     0x08000173   Thumb Code     0  libinit2.o(.ARM.Collect$$libinit$$0000000C)
    __rt_lib_init_lc_common                  0x08000173   Thumb Code     0  libinit2.o(.ARM.Collect$$libinit$$00000011)
    __rt_lib_init_preinit_1                  0x08000173   Thumb Code     0  libinit2.o(.ARM.Collect$$libinit$$00000006)
    __rt_lib_init_rand_1                     0x08000173   Thumb Code     0  libinit2.o(.ARM.Collect$$libinit$$00000010)
    __rt_lib_init_relocate_pie_1             0x08000173   Thumb Code     0  libinit2.o(.ARM.Collect$$libinit$$00000004)
    __rt_lib_init_user_alloc_1               0x08000173   Thumb Code     0  libinit2.o(.ARM.Collect$$libinit$$0000000E)
    __rt_lib_init_lc_collate_1               0x08000179   Thumb Code     0  libinit2.o(.ARM.Collect$$libinit$$00000013)
    __rt_lib_init_lc_ctype_2                 0x08000179   Thumb Code     0  libinit2.o(.ARM.Collect$$libinit$$00000014)
    __rt_lib_init_lc_ctype_1                 0x08000185   Thumb Code     0  libinit2.o(.ARM.Collect$$libinit$$00000015)
    __rt_lib_init_lc_monetary_1              0x08000185   Thumb Code     0  libinit2.o(.ARM.Collect$$libinit$$00000017)
    __rt_lib_init_lc_numeric_2               0x08000185   Thumb Code     0  libinit2.o(.ARM.Collect$$libinit$$00000018)
    __rt_lib_init_alloca_1                   0x0800018f   Thumb Code     0  libinit2.o(.ARM.Collect$$libinit$$00000030)
    __rt_lib_init_argv_1                     0x0800018f   Thumb Code     0  libinit2.o(.ARM.Collect$$libinit$$0000002E)
    __rt_lib_init_atexit_1                   0x0800018f   Thumb Code     0  libinit2.o(.ARM.Collect$$libinit$$0000001D)
    __rt_lib_init_clock_1                    0x0800018f   Thumb Code     0  libinit2.o(.ARM.Collect$$libinit$$00000023)
    __rt_lib_init_cpp_1                      0x0800018f   Thumb Code     0  libinit2.o(.ARM.Collect$$libinit$$00000034)
    __rt_lib_init_exceptions_1               0x0800018f   Thumb Code     0  libinit2.o(.ARM.Collect$$libinit$$00000032)
    __rt_lib_init_fp_trap_1                  0x0800018f   Thumb Code     0  libinit2.o(.ARM.Collect$$libinit$$00000021)
    __rt_lib_init_getenv_1                   0x0800018f   Thumb Code     0  libinit2.o(.ARM.Collect$$libinit$$00000025)
    __rt_lib_init_lc_numeric_1               0x0800018f   Thumb Code     0  libinit2.o(.ARM.Collect$$libinit$$00000019)
    __rt_lib_init_lc_time_1                  0x0800018f   Thumb Code     0  libinit2.o(.ARM.Collect$$libinit$$0000001B)
    __rt_lib_init_return                     0x0800018f   Thumb Code     0  libinit2.o(.ARM.Collect$$libinit$$00000035)
    __rt_lib_init_signal_1                   0x0800018f   Thumb Code     0  libinit2.o(.ARM.Collect$$libinit$$0000001F)
    __rt_lib_init_stdio_1                    0x0800018f   Thumb Code     0  libinit2.o(.ARM.Collect$$libinit$$00000027)
    __rt_lib_shutdown                        0x08000191   Thumb Code     0  libshutdown.o(.ARM.Collect$$libshutdown$$00000000)
    __rt_lib_shutdown_cpp_1                  0x08000193   Thumb Code     0  libshutdown2.o(.ARM.Collect$$libshutdown$$00000002)
    __rt_lib_shutdown_fp_trap_1              0x08000193   Thumb Code     0  libshutdown2.o(.ARM.Collect$$libshutdown$$00000007)
    __rt_lib_shutdown_heap_1                 0x08000193   Thumb Code     0  libshutdown2.o(.ARM.Collect$$libshutdown$$0000000F)
    __rt_lib_shutdown_return                 0x08000193   Thumb Code     0  libshutdown2.o(.ARM.Collect$$libshutdown$$00000010)
    __rt_lib_shutdown_signal_1               0x08000193   Thumb Code     0  libshutdown2.o(.ARM.Collect$$libshutdown$$0000000A)
    __rt_lib_shutdown_stdio_1                0x08000193   Thumb Code     0  libshutdown2.o(.ARM.Collect$$libshutdown$$00000004)
    __rt_lib_shutdown_user_alloc_1           0x08000193   Thumb Code     0  libshutdown2.o(.ARM.Collect$$libshutdown$$0000000C)
    __rt_entry                               0x08000195   Thumb Code     0  __rtentry.o(.ARM.Collect$$rtentry$$00000000)
    __rt_entry_presh_1                       0x08000195   Thumb Code     0  __rtentry2.o(.ARM.Collect$$rtentry$$00000002)
    __rt_entry_sh                            0x08000195   Thumb Code     0  __rtentry4.o(.ARM.Collect$$rtentry$$00000004)
    __rt_entry_li                            0x0800019b   Thumb Code     0  __rtentry2.o(.ARM.Collect$$rtentry$$0000000A)
    __rt_entry_postsh_1                      0x0800019b   Thumb Code     0  __rtentry2.o(.ARM.Collect$$rtentry$$00000009)
    __rt_entry_main                          0x0800019f   Thumb Code     0  __rtentry2.o(.ARM.Collect$$rtentry$$0000000D)
    __rt_entry_postli_1                      0x0800019f   Thumb Code     0  __rtentry2.o(.ARM.Collect$$rtentry$$0000000C)
    __rt_exit                                0x080001a7   Thumb Code     0  rtexit.o(.ARM.Collect$$rtexit$$00000000)
    __rt_exit_ls                             0x080001a9   Thumb Code     0  rtexit2.o(.ARM.Collect$$rtexit$$00000003)
    __rt_exit_prels_1                        0x080001a9   Thumb Code     0  rtexit2.o(.ARM.Collect$$rtexit$$00000002)
    __rt_exit_exit                           0x080001ad   Thumb Code     0  rtexit2.o(.ARM.Collect$$rtexit$$00000004)
    Reset_Handler                            0x080001b5   Thumb Code     8  startup_stm32f10x_md.o(.text)
    NMI_Handler                              0x080001bd   Thumb Code     2  startup_stm32f10x_md.o(.text)
    HardFault_Handler                        0x080001bf   Thumb Code     2  startup_stm32f10x_md.o(.text)
    MemManage_Handler                        0x080001c1   Thumb Code     2  startup_stm32f10x_md.o(.text)
    BusFault_Handler                         0x080001c3   Thumb Code     2  startup_stm32f10x_md.o(.text)
    UsageFault_Handler                       0x080001c5   Thumb Code     2  startup_stm32f10x_md.o(.text)
    SVC_Handler                              0x080001c7   Thumb Code     2  startup_stm32f10x_md.o(.text)
    DebugMon_Handler                         0x080001c9   Thumb Code     2  startup_stm32f10x_md.o(.text)
    PendSV_Handler                           0x080001cb   Thumb Code     2  startup_stm32f10x_md.o(.text)
    SysTick_Handler                          0x080001cd   Thumb Code     2  startup_stm32f10x_md.o(.text)
    ADC1_2_IRQHandler                        0x080001cf   Thumb Code     0  startup_stm32f10x_md.o(.text)
    CAN1_RX1_IRQHandler                      0x080001cf   Thumb Code     0  startup_stm32f10x_md.o(.text)
    CAN1_SCE_IRQHandler                      0x080001cf   Thumb Code     0  startup_stm32f10x_md.o(.text)
    DMA1_Channel1_IRQHandler                 0x080001cf   Thumb Code     0  startup_stm32f10x_md.o(.text)
    DMA1_Channel2_IRQHandler                 0x080001cf   Thumb Code     0  startup_stm32f10x_md.o(.text)
    DMA1_Channel3_IRQHandler                 0x080001cf   Thumb Code     0  startup_stm32f10x_md.o(.text)
    DMA1_Channel4_IRQHandler                 0x080001cf   Thumb Code     0  startup_stm32f10x_md.o(.text)
    DMA1_Channel5_IRQHandler                 0x080001cf   Thumb Code     0  startup_stm32f10x_md.o(.text)
    DMA1_Channel6_IRQHandler                 0x080001cf   Thumb Code     0  startup_stm32f10x_md.o(.text)
    DMA1_Channel7_IRQHandler                 0x080001cf   Thumb Code     0  startup_stm32f10x_md.o(.text)
    EXTI0_IRQHandler                         0x080001cf   Thumb Code     0  startup_stm32f10x_md.o(.text)
    EXTI15_10_IRQHandler                     0x080001cf   Thumb Code     0  startup_stm32f10x_md.o(.text)
    EXTI1_IRQHandler                         0x080001cf   Thumb Code     0  startup_stm32f10x_md.o(.text)
    EXTI2_IRQHandler                         0x080001cf   Thumb Code     0  startup_stm32f10x_md.o(.text)
    EXTI3_IRQHandler                         0x080001cf   Thumb Code     0  startup_stm32f10x_md.o(.text)
    EXTI4_IRQHandler                         0x080001cf   Thumb Code     0  startup_stm32f10x_md.o(.text)
    EXTI9_5_IRQHandler                       0x080001cf   Thumb Code     0  startup_stm32f10x_md.o(.text)
    FLASH_IRQHandler                         0x080001cf   Thumb Code     0  startup_stm32f10x_md.o(.text)
    I2C1_ER_IRQHandler                       0x080001cf   Thumb Code     0  startup_stm32f10x_md.o(.text)
    I2C1_EV_IRQHandler                       0x080001cf   Thumb Code     0  startup_stm32f10x_md.o(.text)
    I2C2_ER_IRQHandler                       0x080001cf   Thumb Code     0  startup_stm32f10x_md.o(.text)
    I2C2_EV_IRQHandler                       0x080001cf   Thumb Code     0  startup_stm32f10x_md.o(.text)
    PVD_IRQHandler                           0x080001cf   Thumb Code     0  startup_stm32f10x_md.o(.text)
    RCC_IRQHandler                           0x080001cf   Thumb Code     0  startup_stm32f10x_md.o(.text)
    RTCAlarm_IRQHandler                      0x080001cf   Thumb Code     0  startup_stm32f10x_md.o(.text)
    RTC_IRQHandler                           0x080001cf   Thumb Code     0  startup_stm32f10x_md.o(.text)
    SPI1_IRQHandler                          0x080001cf   Thumb Code     0  startup_stm32f10x_md.o(.text)
    SPI2_IRQHandler                          0x080001cf   Thumb Code     0  startup_stm32f10x_md.o(.text)
    TAMPER_IRQHandler                        0x080001cf   Thumb Code     0  startup_stm32f10x_md.o(.text)
    TIM1_BRK_IRQHandler                      0x080001cf   Thumb Code     0  startup_stm32f10x_md.o(.text)
    TIM1_CC_IRQHandler                       0x080001cf   Thumb Code     0  startup_stm32f10x_md.o(.text)
    TIM1_TRG_COM_IRQHandler                  0x080001cf   Thumb Code     0  startup_stm32f10x_md.o(.text)
    TIM1_UP_IRQHandler                       0x080001cf   Thumb Code     0  startup_stm32f10x_md.o(.text)
    TIM2_IRQHandler                          0x080001cf   Thumb Code     0  startup_stm32f10x_md.o(.text)
    TIM3_IRQHandler                          0x080001cf   Thumb Code     0  startup_stm32f10x_md.o(.text)
    USART2_IRQHandler                        0x080001cf   Thumb Code     0  startup_stm32f10x_md.o(.text)
    USART3_IRQHandler                        0x080001cf   Thumb Code     0  startup_stm32f10x_md.o(.text)
    USBWakeUp_IRQHandler                     0x080001cf   Thumb Code     0  startup_stm32f10x_md.o(.text)
    USB_HP_CAN1_TX_IRQHandler                0x080001cf   Thumb Code     0  startup_stm32f10x_md.o(.text)
    USB_LP_CAN1_RX0_IRQHandler               0x080001cf   Thumb Code     0  startup_stm32f10x_md.o(.text)
    WWDG_IRQHandler                          0x080001cf   Thumb Code     0  startup_stm32f10x_md.o(.text)
    __user_initial_stackheap                 0x080001d1   Thumb Code     0  startup_stm32f10x_md.o(.text)
    sscanf                                   0x080001f5   Thumb Code    52  sscanf.o(.text)
    __use_two_region_memory                  0x08000231   Thumb Code     2  heapauxi.o(.text)
    __rt_heap_escrow$2region                 0x08000233   Thumb Code     2  heapauxi.o(.text)
    __rt_heap_expand$2region                 0x08000235   Thumb Code     2  heapauxi.o(.text)
    _scanf_longlong                          0x08000237   Thumb Code   342  _scanf_longlong.o(.text)
    _scanf_int                               0x0800038d   Thumb Code   332  _scanf_int.o(.text)
    _scanf_string                            0x080004d9   Thumb Code   224  _scanf_str.o(.text)
    __vfscanf_char                           0x080005c5   Thumb Code    24  scanf_char.o(.text)
    _sgetc                                   0x080005e5   Thumb Code    30  _sgetc.o(.text)
    _sbackspace                              0x08000603   Thumb Code    34  _sgetc.o(.text)
    _scanf_mbtowc                            0x08000625   Thumb Code   276  _scanf_mbtowc.o(.text)
    _scanf_wctomb                            0x08000739   Thumb Code   232  _scanf_wctomb.o(.text)
    _scanf_wstring                           0x08000821   Thumb Code   208  _scanf_wstr.o(.text)
    isspace                                  0x080008f1   Thumb Code    18  isspace.o(.text)
    _chval                                   0x08000903   Thumb Code    28  _chval.o(.text)
    __vfscanf                                0x08000921   Thumb Code   878  _scanf.o(.text)
    _scanf_really_real                       0x08000ee1   Thumb Code   684  scanf_fp.o(.text)
    _scanf_wcharmap                          0x0800118d   Thumb Code    30  _scanf_wcharmap.o(.text)
    _mbrtoc16                                0x080011ab   Thumb Code    64  _mbrtoc16.o(.text)
    _mbrtowc                                 0x080011ab   Thumb Code     0  _mbrtoc16.o(.text)
    _c16rtomb                                0x080011eb   Thumb Code    72  _c16rtomb.o(.text)
    _wcrtomb                                 0x080011eb   Thumb Code     0  _c16rtomb.o(.text)
    __user_setup_stackheap                   0x08001233   Thumb Code    74  sys_stackheap_outer.o(.text)
    __rt_ctype_table                         0x0800127d   Thumb Code    16  rt_ctype_table.o(.text)
    __rt_locale                              0x0800128d   Thumb Code     8  rt_locale_intlibspace.o(.text)
    __aeabi_errno_addr                       0x08001295   Thumb Code     8  rt_errno_addr_intlibspace.o(.text)
    __errno$intlibspace                      0x08001295   Thumb Code     0  rt_errno_addr_intlibspace.o(.text)
    __rt_errno_addr$intlibspace              0x08001295   Thumb Code     0  rt_errno_addr_intlibspace.o(.text)
    __aeabi_llsl                             0x0800129d   Thumb Code     0  llshl.o(.text)
    _ll_shift_l                              0x0800129d   Thumb Code    38  llshl.o(.text)
    _btod_etento                             0x080012c5   Thumb Code   224  bigflt0.o(.text)
    exit                                     0x080013a9   Thumb Code    18  exit.o(.text)
    __user_libspace                          0x080013bd   Thumb Code     8  libspace.o(.text)
    __user_perproc_libspace                  0x080013bd   Thumb Code     0  libspace.o(.text)
    __user_perthread_libspace                0x080013bd   Thumb Code     0  libspace.o(.text)
    __read_errno                             0x080013c5   Thumb Code    10  _rserrno.o(.text)
    __set_errno                              0x080013cf   Thumb Code    12  _rserrno.o(.text)
    _scanf_really_hex_real                   0x080013dd   Thumb Code   786  scanf_hexfp.o(.text)
    _scanf_really_infnan                     0x080016fd   Thumb Code   292  scanf_infnan.o(.text)
    strcmp                                   0x08001831   Thumb Code   128  strcmpv7m.o(.text)
    _sys_exit                                0x080018b1   Thumb Code     8  sys_exit.o(.text)
    __I$use$semihosting                      0x080018bd   Thumb Code     0  use_no_semi.o(.text)
    __use_no_semihosting_swi                 0x080018bd   Thumb Code     2  use_no_semi.o(.text)
    __semihosting_library_function           0x080018bf   Thumb Code     0  indicate_semi.o(.text)
    Encoder_GetCount                         0x080018c1   Thumb Code    12  encoder_task.o(.text.Encoder_GetCount)
    Encoder_Init                             0x080018cd   Thumb Code    12  encoder_task.o(.text.Encoder_Init)
    RCC_GetAbp1Clk                           0x080019e9   Thumb Code    50  rcc.o(.text.RCC_GetAbp1Clk)
    RCC_GetAbp2Clk                           0x08001a1d   Thumb Code    50  rcc.o(.text.RCC_GetAbp2Clk)
    RCC_GetHClk                              0x08001a51   Thumb Code    42  rcc.o(.text.RCC_GetHClk)
    RCC_GetSysClk                            0x08001a7d   Thumb Code   242  rcc.o(.text.RCC_GetSysClk)
    SystemInit                               0x08001c9d   Thumb Code   102  system_stm32f10x.o(.text.SystemInit)
    TIM1_PWMOC                               0x08001d05   Thumb Code    32  timer.o(.text.TIM1_PWMOC)
    TIM1_PinConfig                           0x08001d25   Thumb Code    36  timer.o(.text.TIM1_PinConfig)
    TIM3_PWM_IC_EM_Init                      0x08001d49   Thumb Code    90  timer.o(.text.TIM3_PWM_IC_EM_Init)
    TIM3_PinConfig                           0x08001da5   Thumb Code    48  timer.o(.text.TIM3_PinConfig)
    TIM4_IRQHandler                          0x08001dd5   Thumb Code   164  encoder_task.o(.text.TIM4_IRQHandler)
    TIM_Init                                 0x08001e79   Thumb Code   240  timer.o(.text.TIM_Init)
    TIM_OC1_PWMM1_Init                       0x08001f69   Thumb Code   160  timer.o(.text.TIM_OC1_PWMM1_Init)
    TIM_ResetCNT                             0x08002009   Thumb Code    24  timer.o(.text.TIM_ResetCNT)
    Timer4_Init                              0x08002021   Thumb Code   100  timer.o(.text.Timer4_Init)
    USART1_IRQHandler                        0x08002085   Thumb Code   100  main.o(.text.USART1_IRQHandler)
    USART_Init                               0x080020e9   Thumb Code   276  usart.o(.text.USART_Init)
    USART_receive                            0x080021fd   Thumb Code    30  usart.o(.text.USART_receive)
    USART_receiveString                      0x0800221d   Thumb Code   108  usart.o(.text.USART_receiveString)
    getSpeed                                 0x080022fd   Thumb Code   122  encoder_task.o(.text.getSpeed)
    main                                     0x08002379   Thumb Code   122  main.o(.text.main)
    __btod_div_common                        0x080023f5   Thumb Code   696  btod.o(CL$$btod_div_common)
    _e2d                                     0x0800272d   Thumb Code   122  btod.o(CL$$btod_e2d)
    _e2e                                     0x080027b1   Thumb Code   220  btod.o(CL$$btod_e2e)
    _btod_ediv                               0x0800288d   Thumb Code    42  btod.o(CL$$btod_ediv)
    _btod_edivd                              0x080028b7   Thumb Code    42  btod.o(CL$$btod_edivd)
    _btod_emul                               0x080028e1   Thumb Code    42  btod.o(CL$$btod_emul)
    _btod_emuld                              0x0800290b   Thumb Code    42  btod.o(CL$$btod_emuld)
    __btod_mult_common                       0x08002935   Thumb Code   580  btod.o(CL$$btod_mult_common)
    __mathlib_dbl_overflow                   0x08002b79   Thumb Code    14  dunder.o(i.__mathlib_dbl_overflow)
    __mathlib_dbl_underflow                  0x08002b89   Thumb Code    10  dunder.o(i.__mathlib_dbl_underflow)
    __mathlib_narrow                         0x08002b99   Thumb Code    16  narrow.o(i.__mathlib_narrow)
    __mathlib_tofloat                        0x08002ba9   Thumb Code   184  narrow.o(i.__mathlib_tofloat)
    __support_ldexp                          0x08002c65   Thumb Code    22  ldexp.o(i.__support_ldexp)
    _is_digit                                0x08002c7b   Thumb Code    14  scanf_fp.o(i._is_digit)
    frexp                                    0x08002c89   Thumb Code    80  frexp.o(i.frexp)
    ldexp                                    0x08002ce1   Thumb Code   116  ldexp.o(i.ldexp)
    _get_lc_numeric                          0x08002d55   Thumb Code    44  lc_numeric_c.o(locale$$code)
    _get_lc_ctype                            0x08002d81   Thumb Code    44  lc_ctype_c.o(locale$$code)
    __aeabi_d2f                              0x08002dad   Thumb Code     0  d2f.o(x$fpl$d2f)
    _d2f                                     0x08002dad   Thumb Code    98  d2f.o(x$fpl$d2f)
    __aeabi_dadd                             0x08002e11   Thumb Code     0  daddsub_clz.o(x$fpl$dadd)
    _dadd                                    0x08002e11   Thumb Code   332  daddsub_clz.o(x$fpl$dadd)
    __fpl_dcheck_NaN1                        0x08002f61   Thumb Code    10  dcheck1.o(x$fpl$dcheck1)
    __fpl_dcmp_Inf                           0x08002f71   Thumb Code    24  dcmpi.o(x$fpl$dcmpinf)
    __aeabi_ddiv                             0x08002f89   Thumb Code     0  ddiv.o(x$fpl$ddiv)
    _ddiv                                    0x08002f89   Thumb Code   560  ddiv.o(x$fpl$ddiv)
    __aeabi_cdcmpeq                          0x08003241   Thumb Code     0  deqf.o(x$fpl$deqf)
    _dcmpeq                                  0x08003241   Thumb Code   120  deqf.o(x$fpl$deqf)
    __aeabi_d2uiz                            0x080032b9   Thumb Code     0  dfixu.o(x$fpl$dfixu)
    _dfixu                                   0x080032b9   Thumb Code    90  dfixu.o(x$fpl$dfixu)
    __aeabi_ui2d                             0x08003313   Thumb Code     0  dflt_clz.o(x$fpl$dfltu)
    _dfltu                                   0x08003313   Thumb Code    38  dflt_clz.o(x$fpl$dfltu)
    __aeabi_cdcmple                          0x08003339   Thumb Code     0  dleqf.o(x$fpl$dleqf)
    _dcmple                                  0x08003339   Thumb Code   120  dleqf.o(x$fpl$dleqf)
    __fpl_dcmple_InfNaN                      0x0800339b   Thumb Code     0  dleqf.o(x$fpl$dleqf)
    __aeabi_dmul                             0x080033b1   Thumb Code     0  dmul.o(x$fpl$dmul)
    _dmul                                    0x080033b1   Thumb Code   332  dmul.o(x$fpl$dmul)
    __fpl_dnaninf                            0x08003505   Thumb Code   156  dnaninf.o(x$fpl$dnaninf)
    __fpl_dretinf                            0x080035a1   Thumb Code    12  dretinf.o(x$fpl$dretinf)
    __aeabi_cdrcmple                         0x080035ad   Thumb Code     0  drleqf.o(x$fpl$drleqf)
    _drcmple                                 0x080035ad   Thumb Code   108  drleqf.o(x$fpl$drleqf)
    __aeabi_dsub                             0x08003619   Thumb Code     0  daddsub_clz.o(x$fpl$dsub)
    _dsub                                    0x08003619   Thumb Code   472  daddsub_clz.o(x$fpl$dsub)
    __aeabi_fdiv                             0x080037f5   Thumb Code     0  fdiv.o(x$fpl$fdiv)
    _fdiv                                    0x080037f5   Thumb Code   384  fdiv.o(x$fpl$fdiv)
    __aeabi_f2iz                             0x08003979   Thumb Code     0  ffix.o(x$fpl$ffix)
    _ffix                                    0x08003979   Thumb Code    54  ffix.o(x$fpl$ffix)
    __aeabi_f2uiz                            0x080039b1   Thumb Code     0  ffixu.o(x$fpl$ffixu)
    _ffixu                                   0x080039b1   Thumb Code    62  ffixu.o(x$fpl$ffixu)
    __aeabi_i2f                              0x080039f1   Thumb Code     0  fflt_clz.o(x$fpl$fflt)
    _fflt                                    0x080039f1   Thumb Code    48  fflt_clz.o(x$fpl$fflt)
    __aeabi_ui2f                             0x08003a21   Thumb Code     0  fflt_clz.o(x$fpl$ffltu)
    _ffltu                                   0x08003a21   Thumb Code    38  fflt_clz.o(x$fpl$ffltu)
    __aeabi_fmul                             0x08003a49   Thumb Code     0  fmul.o(x$fpl$fmul)
    _fmul                                    0x08003a49   Thumb Code   258  fmul.o(x$fpl$fmul)
    __fpl_fnaninf                            0x08003b4b   Thumb Code   140  fnaninf.o(x$fpl$fnaninf)
    __fpl_fretinf                            0x08003bd7   Thumb Code    10  fretinf.o(x$fpl$fretinf)
    __ieee_status                            0x08003be1   Thumb Code     6  istatus.o(x$fpl$ieeestatus)
    __fpl_return_NaN                         0x08003be7   Thumb Code   100  retnan.o(x$fpl$retnan)
    __ARM_scalbn                             0x08003c4b   Thumb Code    92  scalbn.o(x$fpl$scalbn)
    _scanf_real                              0x08003ca7   Thumb Code     4  scanf1.o(x$fpl$scanf1)
    _scanf_hex_real                          0x08003cab   Thumb Code     4  scanf2.o(x$fpl$scanf2)
    _scanf_infnan                            0x08003caf   Thumb Code     4  scanf2.o(x$fpl$scanf2)
    __fpl_cmpreturn                          0x08003cb3   Thumb Code    48  trapv.o(x$fpl$trapveneer)
    __I$use$fp                               0x08003ce2   Number         0  usenofp.o(x$fpl$usenofp)
    Region$$Table$$Base                      0x08003dcc   Number         0  anon$$obj.o(Region$$Table)
    Region$$Table$$Limit                     0x08003ddc   Number         0  anon$$obj.o(Region$$Table)
    __aeabi_HUGE_VAL                         0x08003ddc   Data           0  fpconst.o(c$$dinf)
    __aeabi_HUGE_VALL                        0x08003ddc   Data           0  fpconst.o(c$$dinf)
    __aeabi_INFINITY                         0x08003ddc   Data           0  fpconst.o(c$$dinf)
    __dInf                                   0x08003ddc   Data           0  fpconst.o(c$$dinf)
    __huge_val                               0x08003ddc   Data           0  fpconst.o(c$$dinf)
    __dbl_max                                0x08003de4   Data           0  fpconst.o(c$$dmax)
    __ctype                                  0x08003e15   Data           0  lc_ctype_c.o(locale$$data)
    __libspace_start                         0x20000000   Data          96  libspace.o(.bss)
    __temporary_stack_top$libspace           0x20000060   Data           0  libspace.o(.bss)
    duty_cycle                               0x20000060   Data           4  main.o(.bss.duty_cycle)
    encoder_speed                            0x20000064   Data           4  encoder_task.o(.bss.encoder_speed)
    last_encoder_count                       0x20000068   Data           4  encoder_task.o(.bss.last_encoder_count)
    target_speed                             0x2000006c   Data           4  main.o(.bss.target_speed)
    uart_buffer                              0x20000070   Data          32  main.o(.bss.uart_buffer)



==============================================================================

Memory Map of the image

  Image Entry point : 0x080001b5

  Load Region LR_1 (Base: 0x08000000, Size: 0x00003f18, Max: 0xffffffff, ABSOLUTE)

    Execution Region ER_RO (Exec base: 0x08000000, Load base: 0x08000000, Size: 0x00003f18, Max: 0xffffffff, ABSOLUTE)

    Exec Addr    Load Addr    Size         Type   Attr      Idx    E Section Name        Object

    0x08000000   0x08000000   0x000000ec   Data   RO          134    RESET               startup_stm32f10x_md.o
    0x080000ec   0x080000ec   0x00000008   Code   RO          164  * !!!main             c_w.l(__main.o)
    0x080000f4   0x080000f4   0x0000005c   Code   RO          576    !!!scatter          c_w.l(__scatter.o)
    0x08000150   0x08000150   0x00000002   Code   RO          577    !!handler_null      c_w.l(__scatter.o)
    0x08000152   0x08000152   0x00000002   PAD
    0x08000154   0x08000154   0x0000001c   Code   RO          580    !!handler_zi        c_w.l(__scatter_zi.o)
    0x08000170   0x08000170   0x00000002   Code   RO          343    .ARM.Collect$$libinit$$00000000  c_w.l(libinit.o)
    0x08000172   0x08000172   0x00000000   Code   RO          400    .ARM.Collect$$libinit$$00000002  c_w.l(libinit2.o)
    0x08000172   0x08000172   0x00000000   Code   RO          402    .ARM.Collect$$libinit$$00000004  c_w.l(libinit2.o)
    0x08000172   0x08000172   0x00000000   Code   RO          404    .ARM.Collect$$libinit$$00000006  c_w.l(libinit2.o)
    0x08000172   0x08000172   0x00000000   Code   RO          407    .ARM.Collect$$libinit$$0000000C  c_w.l(libinit2.o)
    0x08000172   0x08000172   0x00000000   Code   RO          409    .ARM.Collect$$libinit$$0000000E  c_w.l(libinit2.o)
    0x08000172   0x08000172   0x00000000   Code   RO          411    .ARM.Collect$$libinit$$00000010  c_w.l(libinit2.o)
    0x08000172   0x08000172   0x00000006   Code   RO          412    .ARM.Collect$$libinit$$00000011  c_w.l(libinit2.o)
    0x08000178   0x08000178   0x00000000   Code   RO          414    .ARM.Collect$$libinit$$00000013  c_w.l(libinit2.o)
    0x08000178   0x08000178   0x0000000c   Code   RO          415    .ARM.Collect$$libinit$$00000014  c_w.l(libinit2.o)
    0x08000184   0x08000184   0x00000000   Code   RO          416    .ARM.Collect$$libinit$$00000015  c_w.l(libinit2.o)
    0x08000184   0x08000184   0x00000000   Code   RO          418    .ARM.Collect$$libinit$$00000017  c_w.l(libinit2.o)
    0x08000184   0x08000184   0x0000000a   Code   RO          419    .ARM.Collect$$libinit$$00000018  c_w.l(libinit2.o)
    0x0800018e   0x0800018e   0x00000000   Code   RO          420    .ARM.Collect$$libinit$$00000019  c_w.l(libinit2.o)
    0x0800018e   0x0800018e   0x00000000   Code   RO          422    .ARM.Collect$$libinit$$0000001B  c_w.l(libinit2.o)
    0x0800018e   0x0800018e   0x00000000   Code   RO          424    .ARM.Collect$$libinit$$0000001D  c_w.l(libinit2.o)
    0x0800018e   0x0800018e   0x00000000   Code   RO          426    .ARM.Collect$$libinit$$0000001F  c_w.l(libinit2.o)
    0x0800018e   0x0800018e   0x00000000   Code   RO          428    .ARM.Collect$$libinit$$00000021  c_w.l(libinit2.o)
    0x0800018e   0x0800018e   0x00000000   Code   RO          430    .ARM.Collect$$libinit$$00000023  c_w.l(libinit2.o)
    0x0800018e   0x0800018e   0x00000000   Code   RO          432    .ARM.Collect$$libinit$$00000025  c_w.l(libinit2.o)
    0x0800018e   0x0800018e   0x00000000   Code   RO          434    .ARM.Collect$$libinit$$00000027  c_w.l(libinit2.o)
    0x0800018e   0x0800018e   0x00000000   Code   RO          438    .ARM.Collect$$libinit$$0000002E  c_w.l(libinit2.o)
    0x0800018e   0x0800018e   0x00000000   Code   RO          440    .ARM.Collect$$libinit$$00000030  c_w.l(libinit2.o)
    0x0800018e   0x0800018e   0x00000000   Code   RO          442    .ARM.Collect$$libinit$$00000032  c_w.l(libinit2.o)
    0x0800018e   0x0800018e   0x00000000   Code   RO          444    .ARM.Collect$$libinit$$00000034  c_w.l(libinit2.o)
    0x0800018e   0x0800018e   0x00000002   Code   RO          445    .ARM.Collect$$libinit$$00000035  c_w.l(libinit2.o)
    0x08000190   0x08000190   0x00000002   Code   RO          492    .ARM.Collect$$libshutdown$$00000000  c_w.l(libshutdown.o)
    0x08000192   0x08000192   0x00000000   Code   RO          523    .ARM.Collect$$libshutdown$$00000002  c_w.l(libshutdown2.o)
    0x08000192   0x08000192   0x00000000   Code   RO          525    .ARM.Collect$$libshutdown$$00000004  c_w.l(libshutdown2.o)
    0x08000192   0x08000192   0x00000000   Code   RO          528    .ARM.Collect$$libshutdown$$00000007  c_w.l(libshutdown2.o)
    0x08000192   0x08000192   0x00000000   Code   RO          531    .ARM.Collect$$libshutdown$$0000000A  c_w.l(libshutdown2.o)
    0x08000192   0x08000192   0x00000000   Code   RO          533    .ARM.Collect$$libshutdown$$0000000C  c_w.l(libshutdown2.o)
    0x08000192   0x08000192   0x00000000   Code   RO          536    .ARM.Collect$$libshutdown$$0000000F  c_w.l(libshutdown2.o)
    0x08000192   0x08000192   0x00000002   Code   RO          537    .ARM.Collect$$libshutdown$$00000010  c_w.l(libshutdown2.o)
    0x08000194   0x08000194   0x00000000   Code   RO          216    .ARM.Collect$$rtentry$$00000000  c_w.l(__rtentry.o)
    0x08000194   0x08000194   0x00000000   Code   RO          251    .ARM.Collect$$rtentry$$00000002  c_w.l(__rtentry2.o)
    0x08000194   0x08000194   0x00000006   Code   RO          263    .ARM.Collect$$rtentry$$00000004  c_w.l(__rtentry4.o)
    0x0800019a   0x0800019a   0x00000000   Code   RO          253    .ARM.Collect$$rtentry$$00000009  c_w.l(__rtentry2.o)
    0x0800019a   0x0800019a   0x00000004   Code   RO          254    .ARM.Collect$$rtentry$$0000000A  c_w.l(__rtentry2.o)
    0x0800019e   0x0800019e   0x00000000   Code   RO          256    .ARM.Collect$$rtentry$$0000000C  c_w.l(__rtentry2.o)
    0x0800019e   0x0800019e   0x00000008   Code   RO          257    .ARM.Collect$$rtentry$$0000000D  c_w.l(__rtentry2.o)
    0x080001a6   0x080001a6   0x00000002   Code   RO          365    .ARM.Collect$$rtexit$$00000000  c_w.l(rtexit.o)
    0x080001a8   0x080001a8   0x00000000   Code   RO          457    .ARM.Collect$$rtexit$$00000002  c_w.l(rtexit2.o)
    0x080001a8   0x080001a8   0x00000004   Code   RO          458    .ARM.Collect$$rtexit$$00000003  c_w.l(rtexit2.o)
    0x080001ac   0x080001ac   0x00000006   Code   RO          459    .ARM.Collect$$rtexit$$00000004  c_w.l(rtexit2.o)
    0x080001b2   0x080001b2   0x00000002   PAD
    0x080001b4   0x080001b4   0x00000040   Code   RO          135  * .text               startup_stm32f10x_md.o
    0x080001f4   0x080001f4   0x0000003c   Code   RO          160    .text               c_w.l(sscanf.o)
    0x08000230   0x08000230   0x00000006   Code   RO          162    .text               c_w.l(heapauxi.o)
    0x08000236   0x08000236   0x00000156   Code   RO          217    .text               c_w.l(_scanf_longlong.o)
    0x0800038c   0x0800038c   0x0000014c   Code   RO          219    .text               c_w.l(_scanf_int.o)
    0x080004d8   0x080004d8   0x000000e0   Code   RO          221    .text               c_w.l(_scanf_str.o)
    0x080005b8   0x080005b8   0x0000002c   Code   RO          223    .text               c_w.l(scanf_char.o)
    0x080005e4   0x080005e4   0x00000040   Code   RO          225    .text               c_w.l(_sgetc.o)
    0x08000624   0x08000624   0x00000114   Code   RO          227    .text               c_w.l(_scanf_mbtowc.o)
    0x08000738   0x08000738   0x000000e8   Code   RO          229    .text               c_w.l(_scanf_wctomb.o)
    0x08000820   0x08000820   0x000000d0   Code   RO          231    .text               c_w.l(_scanf_wstr.o)
    0x080008f0   0x080008f0   0x00000012   Code   RO          265    .text               c_w.l(isspace.o)
    0x08000902   0x08000902   0x0000001c   Code   RO          267    .text               c_w.l(_chval.o)
    0x0800091e   0x0800091e   0x00000002   PAD
    0x08000920   0x08000920   0x00000374   Code   RO          269    .text               c_w.l(_scanf.o)
    0x08000c94   0x08000c94   0x000004f8   Code   RO          271    .text               c_w.l(scanf_fp.o)
    0x0800118c   0x0800118c   0x0000001e   Code   RO          277    .text               c_w.l(_scanf_wcharmap.o)
    0x080011aa   0x080011aa   0x00000040   Code   RO          279    .text               c_w.l(_mbrtoc16.o)
    0x080011ea   0x080011ea   0x00000048   Code   RO          281    .text               c_w.l(_c16rtomb.o)
    0x08001232   0x08001232   0x0000004a   Code   RO          285    .text               c_w.l(sys_stackheap_outer.o)
    0x0800127c   0x0800127c   0x00000010   Code   RO          287    .text               c_w.l(rt_ctype_table.o)
    0x0800128c   0x0800128c   0x00000008   Code   RO          292    .text               c_w.l(rt_locale_intlibspace.o)
    0x08001294   0x08001294   0x00000008   Code   RO          297    .text               c_w.l(rt_errno_addr_intlibspace.o)
    0x0800129c   0x0800129c   0x00000026   Code   RO          299    .text               c_w.l(llshl.o)
    0x080012c2   0x080012c2   0x00000002   PAD
    0x080012c4   0x080012c4   0x000000e4   Code   RO          303    .text               c_w.l(bigflt0.o)
    0x080013a8   0x080013a8   0x00000012   Code   RO          334    .text               c_w.l(exit.o)
    0x080013ba   0x080013ba   0x00000002   PAD
    0x080013bc   0x080013bc   0x00000008   Code   RO          362    .text               c_w.l(libspace.o)
    0x080013c4   0x080013c4   0x00000016   Code   RO          367    .text               c_w.l(_rserrno.o)
    0x080013da   0x080013da   0x00000002   PAD
    0x080013dc   0x080013dc   0x00000320   Code   RO          388    .text               c_w.l(scanf_hexfp.o)
    0x080016fc   0x080016fc   0x00000134   Code   RO          390    .text               c_w.l(scanf_infnan.o)
    0x08001830   0x08001830   0x00000080   Code   RO          397    .text               c_w.l(strcmpv7m.o)
    0x080018b0   0x080018b0   0x0000000c   Code   RO          482    .text               c_w.l(sys_exit.o)
    0x080018bc   0x080018bc   0x00000002   Code   RO          513    .text               c_w.l(use_no_semi.o)
    0x080018be   0x080018be   0x00000000   Code   RO          515    .text               c_w.l(indicate_semi.o)
    0x080018be   0x080018be   0x00000002   PAD
    0x080018c0   0x080018c0   0x0000000c   Code   RO           88    .text.Encoder_GetCount  encoder_task.o
    0x080018cc   0x080018cc   0x0000000c   Code   RO           86    .text.Encoder_Init  encoder_task.o
    0x080018d8   0x080018d8   0x00000086   Code   RO            4    .text.GPIO_SetMode  timer.o
    0x0800195e   0x0800195e   0x00000002   PAD
    0x08001960   0x08001960   0x00000086   Code   RO          111    .text.GPIO_SetMode  main.o
    0x080019e6   0x080019e6   0x00000002   PAD
    0x080019e8   0x080019e8   0x00000032   Code   RO           39    .text.RCC_GetAbp1Clk  rcc.o
    0x08001a1a   0x08001a1a   0x00000002   PAD
    0x08001a1c   0x08001a1c   0x00000032   Code   RO           41    .text.RCC_GetAbp2Clk  rcc.o
    0x08001a4e   0x08001a4e   0x00000002   PAD
    0x08001a50   0x08001a50   0x0000002a   Code   RO           37    .text.RCC_GetHClk   rcc.o
    0x08001a7a   0x08001a7a   0x00000002   PAD
    0x08001a7c   0x08001a7c   0x000000f2   Code   RO           35    .text.RCC_GetSysClk  rcc.o
    0x08001b6e   0x08001b6e   0x00000002   PAD
    0x08001b70   0x08001b70   0x00000008   Code   RO          144    .text.SetSysClock   system_stm32f10x.o
    0x08001b78   0x08001b78   0x00000122   Code   RO          148    .text.SetSysClockTo72  system_stm32f10x.o
    0x08001c9a   0x08001c9a   0x00000002   PAD
    0x08001c9c   0x08001c9c   0x00000066   Code   RO          142    .text.SystemInit    system_stm32f10x.o
    0x08001d02   0x08001d02   0x00000002   PAD
    0x08001d04   0x08001d04   0x00000020   Code   RO           16    .text.TIM1_PWMOC    timer.o
    0x08001d24   0x08001d24   0x00000024   Code   RO           14    .text.TIM1_PinConfig  timer.o
    0x08001d48   0x08001d48   0x0000005a   Code   RO           12    .text.TIM3_PWM_IC_EM_Init  timer.o
    0x08001da2   0x08001da2   0x00000002   PAD
    0x08001da4   0x08001da4   0x00000030   Code   RO            2    .text.TIM3_PinConfig  timer.o
    0x08001dd4   0x08001dd4   0x000000a4   Code   RO           94    .text.TIM4_IRQHandler  encoder_task.o
    0x08001e78   0x08001e78   0x000000f0   Code   RO           20    .text.TIM_Init      timer.o
    0x08001f68   0x08001f68   0x000000a0   Code   RO           18    .text.TIM_OC1_PWMM1_Init  timer.o
    0x08002008   0x08002008   0x00000018   Code   RO           22    .text.TIM_ResetCNT  timer.o
    0x08002020   0x08002020   0x00000064   Code   RO            6    .text.Timer4_Init   timer.o
    0x08002084   0x08002084   0x00000064   Code   RO          107    .text.USART1_IRQHandler  main.o
    0x080020e8   0x080020e8   0x00000114   Code   RO           53    .text.USART_Init    usart.o
    0x080021fc   0x080021fc   0x0000001e   Code   RO           59    .text.USART_receive  usart.o
    0x0800221a   0x0800221a   0x00000002   PAD
    0x0800221c   0x0800221c   0x0000006c   Code   RO           61    .text.USART_receiveString  usart.o
    0x08002288   0x08002288   0x00000030   Code   RO            8    .text.__NVIC_EnableIRQ  timer.o
    0x080022b8   0x080022b8   0x00000042   Code   RO           10    .text.__NVIC_SetPriority  timer.o
    0x080022fa   0x080022fa   0x00000002   PAD
    0x080022fc   0x080022fc   0x0000007a   Code   RO           92    .text.getSpeed      encoder_task.o
    0x08002376   0x08002376   0x00000002   PAD
    0x08002378   0x08002378   0x0000007a   Code   RO          109    .text.main          main.o
    0x080023f2   0x080023f2   0x00000002   PAD
    0x080023f4   0x080023f4   0x00000338   Code   RO          316    CL$$btod_div_common  c_w.l(btod.o)
    0x0800272c   0x0800272c   0x00000084   Code   RO          314    CL$$btod_e2d        c_w.l(btod.o)
    0x080027b0   0x080027b0   0x000000dc   Code   RO          313    CL$$btod_e2e        c_w.l(btod.o)
    0x0800288c   0x0800288c   0x0000002a   Code   RO          310    CL$$btod_ediv       c_w.l(btod.o)
    0x080028b6   0x080028b6   0x0000002a   Code   RO          312    CL$$btod_edivd      c_w.l(btod.o)
    0x080028e0   0x080028e0   0x0000002a   Code   RO          309    CL$$btod_emul       c_w.l(btod.o)
    0x0800290a   0x0800290a   0x0000002a   Code   RO          311    CL$$btod_emuld      c_w.l(btod.o)
    0x08002934   0x08002934   0x00000244   Code   RO          315    CL$$btod_mult_common  c_w.l(btod.o)
    0x08002b78   0x08002b78   0x0000000e   Code   RO          499    i.__mathlib_dbl_overflow  m_ws.l(dunder.o)
    0x08002b86   0x08002b86   0x00000002   PAD
    0x08002b88   0x08002b88   0x00000010   Code   RO          501    i.__mathlib_dbl_underflow  m_ws.l(dunder.o)
    0x08002b98   0x08002b98   0x00000010   Code   RO          356    i.__mathlib_narrow  m_ws.l(narrow.o)
    0x08002ba8   0x08002ba8   0x000000bc   Code   RO          357    i.__mathlib_tofloat  m_ws.l(narrow.o)
    0x08002c64   0x08002c64   0x00000016   Code   RO          477    i.__support_ldexp   m_ws.l(ldexp.o)
    0x08002c7a   0x08002c7a   0x0000000e   Code   RO          273    i._is_digit         c_w.l(scanf_fp.o)
    0x08002c88   0x08002c88   0x00000058   Code   RO          453    i.frexp             m_ws.l(frexp.o)
    0x08002ce0   0x08002ce0   0x00000074   Code   RO          478    i.ldexp             m_ws.l(ldexp.o)
    0x08002d54   0x08002d54   0x0000002c   Code   RO          332    locale$$code        c_w.l(lc_numeric_c.o)
    0x08002d80   0x08002d80   0x0000002c   Code   RO          395    locale$$code        c_w.l(lc_ctype_c.o)
    0x08002dac   0x08002dac   0x00000062   Code   RO          446    x$fpl$d2f           fz_ws.l(d2f.o)
    0x08002e0e   0x08002e0e   0x00000002   PAD
    0x08002e10   0x08002e10   0x00000150   Code   RO          166    x$fpl$dadd          fz_ws.l(daddsub_clz.o)
    0x08002f60   0x08002f60   0x00000010   Code   RO          493    x$fpl$dcheck1       fz_ws.l(dcheck1.o)
    0x08002f70   0x08002f70   0x00000018   Code   RO          468    x$fpl$dcmpinf       fz_ws.l(dcmpi.o)
    0x08002f88   0x08002f88   0x000002b8   Code   RO          173    x$fpl$ddiv          fz_ws.l(ddiv.o)
    0x08003240   0x08003240   0x00000078   Code   RO          448    x$fpl$deqf          fz_ws.l(deqf.o)
    0x080032b8   0x080032b8   0x0000005a   Code   RO          176    x$fpl$dfixu         fz_ws.l(dfixu.o)
    0x08003312   0x08003312   0x00000026   Code   RO          180    x$fpl$dfltu         fz_ws.l(dflt_clz.o)
    0x08003338   0x08003338   0x00000078   Code   RO          470    x$fpl$dleqf         fz_ws.l(dleqf.o)
    0x080033b0   0x080033b0   0x00000154   Code   RO          186    x$fpl$dmul          fz_ws.l(dmul.o)
    0x08003504   0x08003504   0x0000009c   Code   RO          233    x$fpl$dnaninf       fz_ws.l(dnaninf.o)
    0x080035a0   0x080035a0   0x0000000c   Code   RO          235    x$fpl$dretinf       fz_ws.l(dretinf.o)
    0x080035ac   0x080035ac   0x0000006c   Code   RO          450    x$fpl$drleqf        fz_ws.l(drleqf.o)
    0x08003618   0x08003618   0x000001dc   Code   RO          168    x$fpl$dsub          fz_ws.l(daddsub_clz.o)
    0x080037f4   0x080037f4   0x00000184   Code   RO          197    x$fpl$fdiv          fz_ws.l(fdiv.o)
    0x08003978   0x08003978   0x00000036   Code   RO          200    x$fpl$ffix          fz_ws.l(ffix.o)
    0x080039ae   0x080039ae   0x00000002   PAD
    0x080039b0   0x080039b0   0x0000003e   Code   RO          204    x$fpl$ffixu         fz_ws.l(ffixu.o)
    0x080039ee   0x080039ee   0x00000002   PAD
    0x080039f0   0x080039f0   0x00000030   Code   RO          209    x$fpl$fflt          fz_ws.l(fflt_clz.o)
    0x08003a20   0x08003a20   0x00000026   Code   RO          208    x$fpl$ffltu         fz_ws.l(fflt_clz.o)
    0x08003a46   0x08003a46   0x00000002   PAD
    0x08003a48   0x08003a48   0x00000102   Code   RO          214    x$fpl$fmul          fz_ws.l(fmul.o)
    0x08003b4a   0x08003b4a   0x0000008c   Code   RO          243    x$fpl$fnaninf       fz_ws.l(fnaninf.o)
    0x08003bd6   0x08003bd6   0x0000000a   Code   RO          245    x$fpl$fretinf       fz_ws.l(fretinf.o)
    0x08003be0   0x08003be0   0x00000006   Code   RO          348    x$fpl$ieeestatus    fz_ws.l(istatus.o)
    0x08003be6   0x08003be6   0x00000064   Code   RO          538    x$fpl$retnan        fz_ws.l(retnan.o)
    0x08003c4a   0x08003c4a   0x0000005c   Code   RO          474    x$fpl$scalbn        fz_ws.l(scalbn.o)
    0x08003ca6   0x08003ca6   0x00000004   Code   RO          247    x$fpl$scanf1        fz_ws.l(scanf1.o)
    0x08003caa   0x08003caa   0x00000008   Code   RO          350    x$fpl$scanf2        fz_ws.l(scanf2.o)
    0x08003cb2   0x08003cb2   0x00000030   Code   RO          546    x$fpl$trapveneer    fz_ws.l(trapv.o)
    0x08003ce2   0x08003ce2   0x00000000   Code   RO          249    x$fpl$usenofp       fz_ws.l(usenofp.o)
    0x08003ce2   0x08003ce2   0x00000002   PAD
    0x08003ce4   0x08003ce4   0x00000094   Data   RO          304    .constdata          c_w.l(bigflt0.o)
    0x08003d78   0x08003d78   0x00000020   Data   RO           44    .rodata.AHBpreFactorTable  rcc.o
    0x08003d98   0x08003d98   0x00000008   Data   RO           45    .rodata.APBpreFactorTable  rcc.o
    0x08003da0   0x08003da0   0x00000010   Data   RO           43    .rodata.RCC_GetSysClk.PLLMULFactorTable  rcc.o
    0x08003db0   0x08003db0   0x0000001a   Data   RO          124    .rodata.str1.1      main.o
    0x08003dca   0x08003dca   0x00000002   PAD
    0x08003dcc   0x08003dcc   0x00000010   Data   RO          575    Region$$Table       anon$$obj.o
    0x08003ddc   0x08003ddc   0x00000008   Data   RO          344    c$$dinf             fz_ws.l(fpconst.o)
    0x08003de4   0x08003de4   0x00000008   Data   RO          347    c$$dmax             fz_ws.l(fpconst.o)
    0x08003dec   0x08003dec   0x0000001c   Data   RO          331    locale$$data        c_w.l(lc_numeric_c.o)
    0x08003e08   0x08003e08   0x00000110   Data   RO          394    locale$$data        c_w.l(lc_ctype_c.o)


    Execution Region ER_RW (Exec base: 0x20000000, Load base: 0x08003f18, Size: 0x00000000, Max: 0xffffffff, ABSOLUTE)

    **** No section assigned to this execution region ****


    Execution Region ER_ZI (Exec base: 0x20000000, Load base: 0x08003f18, Size: 0x00000690, Max: 0xffffffff, ABSOLUTE)

    Exec Addr    Load Addr    Size         Type   Attr      Idx    E Section Name        Object

    0x20000000        -       0x00000060   Zero   RW          363    .bss                c_w.l(libspace.o)
    0x20000060        -       0x00000004   Zero   RW          122    .bss.duty_cycle     main.o
    0x20000064        -       0x00000004   Zero   RW           97    .bss.encoder_speed  encoder_task.o
    0x20000068        -       0x00000004   Zero   RW           98    .bss.last_encoder_count  encoder_task.o
    0x2000006c        -       0x00000004   Zero   RW          121    .bss.target_speed   main.o
    0x20000070        -       0x00000020   Zero   RW          123    .bss.uart_buffer    main.o
    0x20000090        -       0x00000200   Zero   RW          133    HEAP                startup_stm32f10x_md.o
    0x20000290        -       0x00000400   Zero   RW          132    STACK               startup_stm32f10x_md.o


==============================================================================

Image component sizes


      Code (inc. data)   RO Data    RW Data    ZI Data      Debug   Object Name

       310          0          0          0          8       2423   encoder_task.o
       356          0         26          0         40       5607   main.o
       384          0         56          0          0       1714   rcc.o
        64         26        236          0       1536        840   startup_stm32f10x_md.o
       400          0          0          0          0       2931   system_stm32f10x.o
       978          0          0          0          0       7115   timer.o
       414          0          0          0          0       2250   usart.o

    ----------------------------------------------------------------------
      2932         26        336          0       1584      22880   Object Totals
         0          0         16          0          0          0   (incl. Generated)
        26          0          2          0          0          0   (incl. Padding)

    ----------------------------------------------------------------------

      Code (inc. data)   RO Data    RW Data    ZI Data      Debug   Library Member Name

         8          0          0          0          0         68   __main.o
         0          0          0          0          0          0   __rtentry.o
        12          0          0          0          0          0   __rtentry2.o
         6          0          0          0          0          0   __rtentry4.o
        94          8          0          0          0          0   __scatter.o
        28          0          0          0          0          0   __scatter_zi.o
        72          0          0          0          0         96   _c16rtomb.o
        28          0          0          0          0         68   _chval.o
        64          0          0          0          0         84   _mbrtoc16.o
        22          0          0          0          0        100   _rserrno.o
       884          6          0          0          0        100   _scanf.o
       332          0          0          0          0         96   _scanf_int.o
       342          0          0          0          0        100   _scanf_longlong.o
       276          0          0          0          0        100   _scanf_mbtowc.o
       224          0          0          0          0         96   _scanf_str.o
        30          0          0          0          0         76   _scanf_wcharmap.o
       232          0          0          0          0        100   _scanf_wctomb.o
       208          0          0          0          0         96   _scanf_wstr.o
        64          0          0          0          0         84   _sgetc.o
       228          4        148          0          0         96   bigflt0.o
      1924        136          0          0          0        752   btod.o
        18          0          0          0          0         80   exit.o
         6          0          0          0          0        152   heapauxi.o
         0          0          0          0          0          0   indicate_semi.o
        18          0          0          0          0         76   isspace.o
        44         10        272          0          0         76   lc_ctype_c.o
        44         10         28          0          0         76   lc_numeric_c.o
         2          0          0          0          0          0   libinit.o
        30          0          0          0          0          0   libinit2.o
         2          0          0          0          0          0   libshutdown.o
         2          0          0          0          0          0   libshutdown2.o
         8          4          0          0         96         68   libspace.o
        38          0          0          0          0         68   llshl.o
        16          4          0          0          0         76   rt_ctype_table.o
         8          4          0          0          0         68   rt_errno_addr_intlibspace.o
         8          4          0          0          0         68   rt_locale_intlibspace.o
         2          0          0          0          0          0   rtexit.o
        10          0          0          0          0          0   rtexit2.o
        44          8          0          0          0         84   scanf_char.o
      1286         16          0          0          0        236   scanf_fp.o
       800         14          0          0          0        100   scanf_hexfp.o
       308         16          0          0          0        100   scanf_infnan.o
        60          8          0          0          0         84   sscanf.o
       128          0          0          0          0         68   strcmpv7m.o
        12          4          0          0          0         68   sys_exit.o
        74          0          0          0          0         80   sys_stackheap_outer.o
         2          0          0          0          0         68   use_no_semi.o
        98          4          0          0          0         92   d2f.o
       812         16          0          0          0        296   daddsub_clz.o
        16          4          0          0          0         68   dcheck1.o
        24          0          0          0          0         68   dcmpi.o
       696        140          0          0          0        216   ddiv.o
       120          4          0          0          0         92   deqf.o
        90          4          0          0          0         92   dfixu.o
        38          0          0          0          0         68   dflt_clz.o
       120          4          0          0          0         92   dleqf.o
       340         12          0          0          0        104   dmul.o
       156          4          0          0          0         92   dnaninf.o
        12          0          0          0          0         68   dretinf.o
       108          0          0          0          0         80   drleqf.o
       388         76          0          0          0         96   fdiv.o
        54          4          0          0          0         84   ffix.o
        62          4          0          0          0         84   ffixu.o
        86          0          0          0          0        136   fflt_clz.o
       258          4          0          0          0         84   fmul.o
       140          4          0          0          0         84   fnaninf.o
         0          0         16          0          0          0   fpconst.o
        10          0          0          0          0         68   fretinf.o
         6          0          0          0          0         68   istatus.o
       100          0          0          0          0         68   retnan.o
        92          0          0          0          0         68   scalbn.o
         4          0          0          0          0         68   scanf1.o
         8          0          0          0          0         84   scanf2.o
        48          0          0          0          0         68   trapv.o
         0          0          0          0          0          0   usenofp.o
        30          6          0          0          0        136   dunder.o
        88          8          0          0          0         76   frexp.o
       138          0          0          0          0        160   ldexp.o
       204          4          0          0          0        168   narrow.o

    ----------------------------------------------------------------------
     12420        558        464          0         96       6836   Library Totals
        26          0          0          0          0          0   (incl. Padding)

    ----------------------------------------------------------------------

      Code (inc. data)   RO Data    RW Data    ZI Data      Debug   Library Name

      8048        256        448          0         96       3808   c_w.l
      3886        284         16          0          0       2488   fz_ws.l
       460         18          0          0          0        540   m_ws.l

    ----------------------------------------------------------------------
     12420        558        464          0         96       6836   Library Totals

    ----------------------------------------------------------------------

==============================================================================


      Code (inc. data)   RO Data    RW Data    ZI Data      Debug   

     15352        584        800          0       1680      25816   Grand Totals
     15352        584        800          0       1680      25816   ELF Image Totals
     15352        584        800          0          0          0   ROM Totals

==============================================================================

    Total RO  Size (Code + RO Data)                16152 (  15.77kB)
    Total RW  Size (RW Data + ZI Data)              1680 (   1.64kB)
    Total ROM Size (Code + RO Data + RW Data)      16152 (  15.77kB)

==============================================================================

